Component: ARM Compiler 5.06 update 6 (build 750) Tool: armlink [4d35ed]

==============================================================================

Section Cross References

    startup_stm32f103xb.o(RESET) refers to startup_stm32f103xb.o(STACK) for __initial_sp
    startup_stm32f103xb.o(RESET) refers to startup_stm32f103xb.o(.text) for Reset_Handler
    startup_stm32f103xb.o(RESET) refers to stm32f1xx_it.o(i.NMI_Handler) for NMI_Handler
    startup_stm32f103xb.o(RESET) refers to stm32f1xx_it.o(i.HardFault_Handler) for HardFault_Handler
    startup_stm32f103xb.o(RESET) refers to stm32f1xx_it.o(i.MemManage_Handler) for MemManage_Handler
    startup_stm32f103xb.o(RESET) refers to stm32f1xx_it.o(i.BusFault_Handler) for BusFault_Handler
    startup_stm32f103xb.o(RESET) refers to stm32f1xx_it.o(i.UsageFault_Handler) for UsageFault_Handler
    startup_stm32f103xb.o(RESET) refers to port.o(.emb_text) for SVC_Handler
    startup_stm32f103xb.o(RESET) refers to stm32f1xx_it.o(i.DebugMon_Handler) for DebugMon_Handler
    startup_stm32f103xb.o(RESET) refers to port.o(i.SysTick_Handler) for SysTick_Handler
    startup_stm32f103xb.o(RESET) refers to stm32f1xx_it.o(i.TIM4_IRQHandler) for TIM4_IRQHandler
    startup_stm32f103xb.o(RESET) refers to stm32f1xx_it.o(i.EXTI15_10_IRQHandler) for EXTI15_10_IRQHandler
    startup_stm32f103xb.o(.text) refers to system_stm32f1xx.o(i.SystemInit) for SystemInit
    startup_stm32f103xb.o(.text) refers to entry.o(.ARM.Collect$$$$00000000) for __main
    main.o(i.APDS_GetData_Start) refers to queue.o(i.xQueueSemaphoreTake) for xQueueSemaphoreTake
    main.o(i.APDS_GetData_Start) refers to stm32f1xx_hal_gpio.o(i.HAL_GPIO_ReadPin) for HAL_GPIO_ReadPin
    main.o(i.APDS_GetData_Start) refers to apds9960.o(i.APDS9960_Gesture_Get_State) for APDS9960_Gesture_Get_State
    main.o(i.APDS_GetData_Start) refers to apds9960.o(i.decodeGesture) for decodeGesture
    main.o(i.APDS_GetData_Start) refers to apds9960.o(i.resetGestureParameters) for resetGestureParameters
    main.o(i.APDS_GetData_Start) refers to cmsis_os.o(i.osDelay) for osDelay
    main.o(i.APDS_GetData_Start) refers to apds9960.o(.data) for gesture_motion
    main.o(i.APDS_GetData_Start) refers to main.o(.data) for .data
    main.o(i.DHT11_DetData_Start) refers to dht11.o(i.DHT11_Init) for DHT11_Init
    main.o(i.DHT11_DetData_Start) refers to tasks.o(i.vTaskSuspend) for vTaskSuspend
    main.o(i.DHT11_DetData_Start) refers to cmsis_os.o(i.osDelay) for osDelay
    main.o(i.DHT11_DetData_Start) refers to main.o(.data) for .data
    main.o(i.HAL_GPIO_EXTI_Callback) refers to apds9960.o(i.APDS9960_Check_Gesture_State) for APDS9960_Check_Gesture_State
    main.o(i.HAL_GPIO_EXTI_Callback) refers to queue.o(i.xQueueGiveFromISR) for xQueueGiveFromISR
    main.o(i.HAL_GPIO_EXTI_Callback) refers to main.o(.data) for .data
    main.o(i.HAL_TIM_PeriodElapsedCallback) refers to stm32f1xx_hal.o(i.HAL_IncTick) for HAL_IncTick
    main.o(i.LED_Flash_Task_Start) refers to tasks.o(i.vTaskSuspend) for vTaskSuspend
    main.o(i.LED_Flash_Task_Start) refers to stm32f1xx_hal_gpio.o(i.HAL_GPIO_WritePin) for HAL_GPIO_WritePin
    main.o(i.LED_Flash_Task_Start) refers to cmsis_os.o(i.osDelay) for osDelay
    main.o(i.LED_Flash_Task_Start) refers to queue.o(i.xQueueReceive) for xQueueReceive
    main.o(i.LED_Flash_Task_Start) refers to tasks.o(i.vTaskResume) for vTaskResume
    main.o(i.LED_Flash_Task_Start) refers to main.o(.data) for .data
    main.o(i.LED_PWM_Task_Start) refers to tasks.o(i.vTaskSuspend) for vTaskSuspend
    main.o(i.LED_PWM_Task_Start) refers to stm32f1xx_hal_gpio.o(i.HAL_GPIO_WritePin) for HAL_GPIO_WritePin
    main.o(i.LED_PWM_Task_Start) refers to dmul.o(.text) for __aeabi_dmul
    main.o(i.LED_PWM_Task_Start) refers to dfixui.o(.text) for __aeabi_d2uiz
    main.o(i.LED_PWM_Task_Start) refers to cmsis_os.o(i.osDelay) for osDelay
    main.o(i.LED_PWM_Task_Start) refers to dadd.o(.text) for __aeabi_drsub
    main.o(i.LED_PWM_Task_Start) refers to queue.o(i.xQueueGenericSend) for xQueueGenericSend
    main.o(i.LED_PWM_Task_Start) refers to tasks.o(i.vTaskResume) for vTaskResume
    main.o(i.LED_PWM_Task_Start) refers to main.o(.data) for .data
    main.o(i.MX_GPIO_Init) refers to stm32f1xx_hal_gpio.o(i.HAL_GPIO_WritePin) for HAL_GPIO_WritePin
    main.o(i.MX_GPIO_Init) refers to stm32f1xx_hal_gpio.o(i.HAL_GPIO_Init) for HAL_GPIO_Init
    main.o(i.MX_GPIO_Init) refers to stm32f1xx_hal_cortex.o(i.HAL_NVIC_SetPriority) for HAL_NVIC_SetPriority
    main.o(i.MX_GPIO_Init) refers to stm32f1xx_hal_cortex.o(i.HAL_NVIC_EnableIRQ) for HAL_NVIC_EnableIRQ
    main.o(i.RTC_GetTime_Start) refers to tasks.o(i.vTaskSuspend) for vTaskSuspend
    main.o(i.RTC_GetTime_Start) refers to cmsis_os.o(i.osDelay) for osDelay
    main.o(i.RTC_GetTime_Start) refers to main.o(.data) for .data
    main.o(i.SystemClock_Config) refers to memseta.o(.text) for __aeabi_memclr4
[...]
    ../fplib/microlib/d2f.c                  0x00000000   Number         0  d2f.o ABSOLUTE
    ../fplib/microlib/fpadd.c                0x00000000   Number         0  dadd.o ABSOLUTE
    ../fplib/microlib/fpdiv.c                0x00000000   Number         0  ddiv.o ABSOLUTE
    ../fplib/microlib/fpepilogue.c           0x00000000   Number         0  depilogue.o ABSOLUTE
    ../fplib/microlib/fpepilogue.c           0x00000000   Number         0  fepilogue.o ABSOLUTE
    ../fplib/microlib/fpfix.c                0x00000000   Number         0  dfixi.o ABSOLUTE
    ../fplib/microlib/fpfix.c                0x00000000   Number         0  dfixui.o ABSOLUTE
    ../fplib/microlib/fpflt.c                0x00000000   Number         0  dflti.o ABSOLUTE
    ../fplib/microlib/fpflt.c                0x00000000   Number         0  dfltui.o ABSOLUTE
    ../fplib/microlib/fpmul.c                0x00000000   Number         0  dmul.o ABSOLUTE
    ../fplib/microlib/fpscalb.c              0x00000000   Number         0  dscalb.o ABSOLUTE
    ../mathlib/cos_i.c                       0x00000000   Number         0  cos_i.o ABSOLUTE
    ../mathlib/dunder.c                      0x00000000   Number         0  dunder.o ABSOLUTE
    ../mathlib/fpclassify.c                  0x00000000   Number         0  fpclassify.o ABSOLUTE
    ../mathlib/poly.c                        0x00000000   Number         0  poly.o ABSOLUTE
    ../mathlib/rred.c                        0x00000000   Number         0  rred.o ABSOLUTE
    ../mathlib/sin.c                         0x00000000   Number         0  sin_x.o ABSOLUTE
    ../mathlib/sin.c                         0x00000000   Number         0  sin.o ABSOLUTE
    ../mathlib/sin_i.c                       0x00000000   Number         0  sin_i.o ABSOLUTE
    ../mathlib/sin_i.c                       0x00000000   Number         0  sin_i_x.o ABSOLUTE
    ..\Drivers\STM32F1xx_HAL_Driver\Src\stm32f1xx_hal.c 0x00000000   Number         0  stm32f1xx_hal.o ABSOLUTE
    ..\Drivers\STM32F1xx_HAL_Driver\Src\stm32f1xx_hal_cortex.c 0x00000000   Number         0  stm32f1xx_hal_cortex.o ABSOLUTE
    ..\Drivers\STM32F1xx_HAL_Driver\Src\stm32f1xx_hal_dma.c 0x00000000   Number         0  stm32f1xx_hal_dma.o ABSOLUTE
    ..\Drivers\STM32F1xx_HAL_Driver\Src\stm32f1xx_hal_exti.c 0x00000000   Number         0  stm32f1xx_hal_exti.o ABSOLUTE
    ..\Drivers\STM32F1xx_HAL_Driver\Src\stm32f1xx_hal_flash.c 0x00000000   Number         0  stm32f1xx_hal_flash.o ABSOLUTE
    ..\Drivers\STM32F1xx_HAL_Driver\Src\stm32f1xx_hal_flash_ex.c 0x00000000   Number         0  stm32f1xx_hal_flash_ex.o ABSOLUTE
    ..\Drivers\STM32F1xx_HAL_Driver\Src\stm32f1xx_hal_gpio.c 0x00000000   Number         0  stm32f1xx_hal_gpio.o ABSOLUTE
    ..\Drivers\STM32F1xx_HAL_Driver\Src\stm32f1xx_hal_gpio_ex.c 0x00000000   Number         0  stm32f1xx_hal_gpio_ex.o ABSOLUTE
    ..\Drivers\STM32F1xx_HAL_Driver\Src\stm32f1xx_hal_pwr.c 0x00000000   Number         0  stm32f1xx_hal_pwr.o ABSOLUTE
    ..\Drivers\STM32F1xx_HAL_Driver\Src\stm32f1xx_hal_rcc.c 0x00000000   Number         0  stm32f1xx_hal_rcc.o ABSOLUTE
    ..\Drivers\STM32F1xx_HAL_Driver\Src\stm32f1xx_hal_rcc_ex.c 0x00000000   Number         0  stm32f1xx_hal_rcc_ex.o ABSOLUTE
    ..\Drivers\STM32F1xx_HAL_Driver\Src\stm32f1xx_hal_tim.c 0x00000000   Number         0  stm32f1xx_hal_tim.o ABSOLUTE
    ..\Drivers\STM32F1xx_HAL_Driver\Src\stm32f1xx_hal_tim_ex.c 0x00000000   Number         0  stm32f1xx_hal_tim_ex.o ABSOLUTE
    ..\Middlewares\Third_Party\FreeRTOS\Source\CMSIS_RTOS\cmsis_os.c 0x00000000   Number         0  cmsis_os.o ABSOLUTE
    ..\Middlewares\Third_Party\FreeRTOS\Source\portable\RVDS\ARM_CM3\port.c 0x00000000   Number         0  port.o ABSOLUTE
    ..\Src\APDS9960.c                        0x00000000   Number         0  apds9960.o ABSOLUTE
    ..\Src\DHT11.c                           0x00000000   Number         0  dht11.o ABSOLUTE
    ..\Src\DS3231.c                          0x00000000   Number         0  ds3231.o ABSOLUTE
    ..\Src\MPU6050.c                         0x00000000   Number         0  mpu6050.o ABSOLUTE
    ..\Src\freertos.c                        0x00000000   Number         0  freertos.o ABSOLUTE
    ..\Src\main.c                            0x00000000   Number         0  main.o ABSOLUTE
    ..\Src\stm32f1xx_hal_msp.c               0x00000000   Number         0  stm32f1xx_hal_msp.o ABSOLUTE
    ..\Src\stm32f1xx_hal_timebase_tim.c      0x00000000   Number         0  stm32f1xx_hal_timebase_tim.o ABSOLUTE
    ..\Src\stm32f1xx_it.c                    0x00000000   Number         0  stm32f1xx_it.o ABSOLUTE
    ..\Src\system_stm32f1xx.c                0x00000000   Number         0  system_stm32f1xx.o ABSOLUTE
    ..\\Src\\APDS9960.c                      0x00000000   Number         0  apds9960.o ABSOLUTE
    ..\\Src\\DHT11.c                         0x00000000   Number         0  dht11.o ABSOLUTE
    ..\\Src\\DS3231.c                        0x00000000   Number         0  ds3231.o ABSOLUTE
    ..\\Src\\MPU6050.c                       0x00000000   Number         0  mpu6050.o ABSOLUTE
    dc.s                                     0x00000000   Number         0  dc.o ABSOLUTE
    handlers.s                               0x00000000   Number         0  handlers.o ABSOLUTE
    init.s                                   0x00000000   Number         0  init.o ABSOLUTE
    startup_stm32f103xb.s                    0x00000000   Number         0  startup_stm32f103xb.o ABSOLUTE
    RESET                                    0x08000000   Section      236  startup_stm32f103xb.o(RESET)
    .ARM.Collect$$$$00000000                 0x080000ec   Section        0  entry.o(.ARM.Collect$$$$00000000)
    .ARM.Collect$$$$00000001                 0x080000ec   Section        4  entry2.o(.ARM.Collect$$$$00000001)
    .ARM.Collect$$$$00000004                 0x080000f0   Section        4  entry5.o(.ARM.Collect$$$$00000004)
    .ARM.Collect$$$$00000008                 0x080000f4   Section        0  entry7b.o(.ARM.Collect$$$$00000008)
    .ARM.Collect$$$$0000000A                 0x080000f4   Section        0  entry8b.o(.ARM.Collect$$$$0000000A)
    .ARM.Collect$$$$0000000B                 0x080000f4   Section        8  entry9a.o(.ARM.Collect$$$$0000000B)
    .ARM.Collect$$$$0000000D                 0x080000fc   Section        0  entry10a.o(.ARM.Collect$$$$0000000D)
    .ARM.Collect$$$$0000000F                 0x080000fc   Section        0  entry11a.o(.ARM.Collect$$$$0000000F)
    .ARM.Collect$$$$00002712                 0x080000fc   Section        4  entry2.o(.ARM.Collect$$$$00002712)
    __lit__00000000                          0x080000fc   Data           4  entry2.o(.ARM.Collect$$$$00002712)
    .emb_text                                0x08000100   Section      150  port.o(.emb_text)
    .text                                    0x08000198   Section       36  startup_stm32f103xb.o(.text)
    .text                                    0x080001bc   Section        0  llushr.o(.text)
    .text                                    0x080001dc   Section        0  memcpya.o(.text)
    .text                                    0x08000200   Section        0  memseta.o(.text)
    .text                                    0x08000224   Section        0  dadd.o(.text)
    .text                                    0x08000372   Section        0  dmul.o(.text)
    .text                                    0x08000456   Section        0  ddiv.o(.text)
    .text                                    0x08000534   Section        0  dfltui.o(.text)
    .text                                    0x0800054e   Section        0  dfixui.o(.text)
    .text                                    0x08000580   Section        0  llshl.o(.text)
    .text                                    0x0800059e   Section        0  llsshr.o(.text)
    .text                                    0x080005c2   Section        0  iusefp.o(.text)
    .text                                    0x080005c2   Section        0  depilogue.o(.text)
    .text                                    0x0800067c   Section       36  init.o(.text)
    .text                                    0x080006a0   Section        0  dscalb.o(.text)
    .text                                    0x080006ce   Section        0  dflti.o(.text)
    .text                                    0x080006f0   Section        0  dfixi.o(.text)
    i.APDS9960_Check_Gesture_State           0x0800072e   Section        0  apds9960.o(i.APDS9960_Check_Gesture_State)
    i.APDS9960_Gesture_EN                    0x08000740   Section        0  apds9960.o(i.APDS9960_Gesture_EN)
    i.APDS9960_Gesture_Get_State             0x080007b4   Section        0  apds9960.o(i.APDS9960_Gesture_Get_State)
    i.APDS9960_Get_ID                        0x08000854   Section        0  apds9960.o(i.APDS9960_Get_ID)
    i.APDS9960_Get_Mode                      0x0800085a   Section        0  apds9960.o(i.APDS9960_Get_Mode)
    i.APDS9960_Init                          0x08000860   Section        0  apds9960.o(i.APDS9960_Init)
    i.APDS9960_SetMode                       0x080008de   Section        0  apds9960.o(i.APDS9960_SetMode)
    i.APDS9960_Set_GestureGain               0x08000920   Section        0  apds9960.o(i.APDS9960_Set_GestureGain)
    i.APDS9960_Set_Gesture_IntEnable         0x08000942   Section        0  apds9960.o(i.APDS9960_Set_Gesture_IntEnable)
    i.APDS9960_Set_Gesture_LEDDrive          0x08000960   Section        0  apds9960.o(i.APDS9960_Set_Gesture_LEDDrive)
    i.APDS9960_Set_Gesture_WaitTime          0x08000980   Section        0  apds9960.o(i.APDS9960_Set_Gesture_WaitTime)
    i.APDS9960_Set_Gesture_mode              0x0800099e   Section        0  apds9960.o(i.APDS9960_Set_Gesture_mode)
    i.APDS9960_Set_LED_Boost                 0x080009bc   Section        0  apds9960.o(i.APDS9960_Set_LED_Boost)
    i.APDS9960_get_data                      0x080009dc   Section        0  apds9960.o(i.APDS9960_get_data)
    i.APDS_GetData_Start                     0x08000a38   Section        0  main.o(i.APDS_GetData_Start)
    i.APDS_IIC_Ack                           0x08000ad0   Section        0  apds9960.o(i.APDS_IIC_Ack)
    i.APDS_IIC_Nack                          0x08000afa   Section        0  apds9960.o(i.APDS_IIC_Nack)
    i.APDS_IIC_READ_SDA                      0x08000b24   Section        0  apds9960.o(i.APDS_IIC_READ_SDA)
    i.APDS_IIC_Read_Byte                     0x08000b6c   Section        0  apds9960.o(i.APDS_IIC_Read_Byte)
    i.APDS_IIC_SCL                           0x08000bb8   Section        0  apds9960.o(i.APDS_IIC_SCL)
    i.APDS_IIC_SDA                           0x08000bd8   Section        0  apds9960.o(i.APDS_IIC_SDA)
    i.APDS_IIC_Send_Byte                     0x08000c2c   Section        0  apds9960.o(i.APDS_IIC_Send_Byte)
    i.APDS_IIC_Start                         0x08000c72   Section        0  apds9960.o(i.APDS_IIC_Start)
    i.APDS_IIC_Stop                          0x08000c9c   Section        0  apds9960.o(i.APDS_IIC_Stop)
    i.APDS_IIC_Wait_Ack                      0x08000cd4   Section        0  apds9960.o(i.APDS_IIC_Wait_Ack)
    i.APDS_ReadByte                          0x08000cfc   Section        0  apds9960.o(i.APDS_ReadByte)
    i.APDS_WriteByte                         0x08000d36   Section        0  apds9960.o(i.APDS_WriteByte)
    i.BusFault_Handler                       0x08000d66   Section        0  stm32f1xx_it.o(i.BusFault_Handler)
    i.DHT11_Check                            0x08000d68   Section        0  dht11.o(i.DHT11_Check)
    i.DHT11_DetData_Start                    0x08000dd8   Section        0  main.o(i.DHT11_DetData_Start)
    i.DHT11_Init                             0x08000df4   Section        0  dht11.o(i.DHT11_Init)
    i.DHT11_Rst                              0x08000e04   Section        0  dht11.o(i.DHT11_Rst)
    i.DS3231_WriteByte                       0x08000e40   Section        0  ds3231.o(i.DS3231_WriteByte)
    i.DebugMon_Handler                       0x08000e70   Section        0  stm32f1xx_it.o(i.DebugMon_Handler)
    i.EXTI15_10_IRQHandler                   0x08000e72   Section        0  stm32f1xx_it.o(i.EXTI15_10_IRQHandler)
    i.HAL_Delay                              0x08000e7c   Section        0  stm32f1xx_hal.o(i.HAL_Delay)
    i.HAL_GPIO_EXTI_Callback                 0x08000ea0   Section        0  main.o(i.HAL_GPIO_EXTI_Callback)
    i.HAL_GPIO_EXTI_IRQHandler               0x08000ed8   Section        0  stm32f1xx_hal_gpio.o(i.HAL_GPIO_EXTI_IRQHandler)
    i.HAL_GPIO_Init                          0x08000ef0   Section        0  stm32f1xx_hal_gpio.o(i.HAL_GPIO_Init)
    i.HAL_GPIO_ReadPin                       0x080010d0   Section        0  stm32f1xx_hal_gpio.o(i.HAL_GPIO_ReadPin)
    i.HAL_GPIO_WritePin                      0x080010da   Section        0  stm32f1xx_hal_gpio.o(i.HAL_GPIO_WritePin)
    i.HAL_GetTick                            0x080010e4   Section        0  stm32f1xx_hal.o(i.HAL_GetTick)
    i.HAL_IncTick                            0x080010f0   Section        0  stm32f1xx_hal.o(i.HAL_IncTick)
    i.HAL_Init                               0x08001100   Section        0  stm32f1xx_hal.o(i.HAL_Init)
    i.HAL_InitTick                           0x08001124   Section        0  stm32f1xx_hal_timebase_tim.o(i.HAL_InitTick)
    i.HAL_MspInit                            0x08001198   Section        0  stm32f1xx_hal_msp.o(i.HAL_MspInit)
    i.HAL_NVIC_EnableIRQ                     0x080011e0   Section        0  stm32f1xx_hal_cortex.o(i.HAL_NVIC_EnableIRQ)
    i.HAL_NVIC_SetPriority                   0x080011fc   Section        0  stm32f1xx_hal_cortex.o(i.HAL_NVIC_SetPriority)
    i.HAL_NVIC_SetPriorityGrouping           0x0800123c   Section        0  stm32f1xx_hal_cortex.o(i.HAL_NVIC_SetPriorityGrouping)
    i.HAL_RCC_ClockConfig                    0x08001260   Section        0  stm32f1xx_hal_rcc.o(i.HAL_RCC_ClockConfig)
    i.HAL_RCC_GetClockConfig                 0x0800138c   Section        0  stm32f1xx_hal_rcc.o(i.HAL_RCC_GetClockConfig)
    i.HAL_RCC_GetHCLKFreq                    0x080013cc   Section        0  stm32f1xx_hal_rcc.o(i.HAL_RCC_GetHCLKFreq)
    i.HAL_RCC_GetPCLK1Freq                   0x080013d8   Section        0  stm32f1xx_hal_rcc.o(i.HAL_RCC_GetPCLK1Freq)
    i.HAL_RCC_GetSysClockFreq                0x080013f8   Section        0  stm32f1xx_hal_rcc.o(i.HAL_RCC_GetSysClockFreq)
    i.HAL_RCC_OscConfig                      0x08001464   Section        0  stm32f1xx_hal_rcc.o(i.HAL_RCC_OscConfig)
    i.HAL_TIMEx_BreakCallback                0x08001784   Section        0  stm32f1xx_hal_tim_ex.o(i.HAL_TIMEx_BreakCallback)
    i.HAL_TIMEx_CommutCallback               0x08001786   Section        0  stm32f1xx_hal_tim_ex.o(i.HAL_TIMEx_CommutCallback)
    i.HAL_TIM_Base_Init                      0x08001788   Section        0  stm32f1xx_hal_tim.o(i.HAL_TIM_Base_Init)
    i.HAL_TIM_Base_MspInit                   0x080017be   Section        0  stm32f1xx_hal_tim.o(i.HAL_TIM_Base_MspInit)
    i.HAL_TIM_Base_Start_IT                  0x080017c0   Section        0  stm32f1xx_hal_tim.o(i.HAL_TIM_Base_Start_IT)
    i.HAL_TIM_IC_CaptureCallback             0x080017e2   Section        0  stm32f1xx_hal_tim.o(i.HAL_TIM_IC_CaptureCallback)
    i.HAL_TIM_IRQHandler                     0x080017e4   Section        0  stm32f1xx_hal_tim.o(i.HAL_TIM_IRQHandler)
    i.HAL_TIM_OC_DelayElapsedCallback        0x0800194a   Section        0  stm32f1xx_hal_tim.o(i.HAL_TIM_OC_DelayElapsedCallback)
    i.HAL_TIM_PWM_PulseFinishedCallback      0x0800194c   Section        0  stm32f1xx_hal_tim.o(i.HAL_TIM_PWM_PulseFinishedCallback)
    i.HAL_TIM_PeriodElapsedCallback          0x08001950   Section        0  main.o(i.HAL_TIM_PeriodElapsedCallback)
    i.HAL_TIM_TriggerCallback                0x08001964   Section        0  stm32f1xx_hal_tim.o(i.HAL_TIM_TriggerCallback)
    i.HEX2_Bcd                               0x08001966   Section        0  ds3231.o(i.HEX2_Bcd)
    i.HardFault_Handler                      0x0800197c   Section        0  stm32f1xx_it.o(i.HardFault_Handler)
    i.IIC_READ_SDA                           0x08001980   Section        0  ds3231.o(i.IIC_READ_SDA)
    i.IIC_SCL                                0x080019c8   Section        0  ds3231.o(i.IIC_SCL)
    i.IIC_SDA                                0x080019e8   Section        0  ds3231.o(i.IIC_SDA)
    i.LED_Flash_Task_Start                   0x08001a3c   Section        0  main.o(i.LED_Flash_Task_Start)
    i.LED_PWM_Task_Start                     0x08001aa8   Section        0  main.o(i.LED_PWM_Task_Start)
    i.MX_GPIO_Init                           0x08001b40   Section        0  main.o(i.MX_GPIO_Init)
    MX_GPIO_Init                             0x08001b41   Thumb Code   194  main.o(i.MX_GPIO_Init)
    i.MemManage_Handler                      0x08001c14   Section        0  stm32f1xx_it.o(i.MemManage_Handler)
    i.ModifyTime                             0x08001c16   Section        0  ds3231.o(i.ModifyTime)
    i.NMI_Handler                            0x08001c7a   Section        0  stm32f1xx_it.o(i.NMI_Handler)
    i.RTC_GetTime_Start                      0x08001c7c   Section        0  main.o(i.RTC_GetTime_Start)
    i.RTC_IIC_Send_Byte                      0x08001c9c   Section        0  ds3231.o(i.RTC_IIC_Send_Byte)
    i.RTC_IIC_Start                          0x08001ce2   Section        0  ds3231.o(i.RTC_IIC_Start)
    i.RTC_IIC_Stop                           0x08001d0c   Section        0  ds3231.o(i.RTC_IIC_Stop)
    i.RTC_IIC_Wait_Ack                       0x08001d44   Section        0  ds3231.o(i.RTC_IIC_Wait_Ack)
    i.SysTick_Handler                        0x08001d6c   Section        0  port.o(i.SysTick_Handler)
    i.SystemClock_Config                     0x08001d98   Section        0  main.o(i.SystemClock_Config)
    i.SystemInit                             0x08001de8   Section        0  system_stm32f1xx.o(i.SystemInit)
    i.TIM4_IRQHandler                        0x08001e30   Section        0  stm32f1xx_it.o(i.TIM4_IRQHandler)
    i.TIM_Base_SetConfig                     0x08001e3c   Section        0  stm32f1xx_hal_tim.o(i.TIM_Base_SetConfig)
    i.Task_Main_Start                        0x08001ea8   Section        0  main.o(i.Task_Main_Start)
    i.UsageFault_Handler                     0x08001ee8   Section        0  stm32f1xx_it.o(i.UsageFault_Handler)
    i.__ARM_fpclassify                       0x08001eea   Section        0  fpclassify.o(i.__ARM_fpclassify)
    i.__NVIC_SetPriority                     0x08001f12   Section        0  stm32f1xx_hal_cortex.o(i.__NVIC_SetPriority)
    __NVIC_SetPriority                       0x08001f13   Thumb Code    32  stm32f1xx_hal_cortex.o(i.__NVIC_SetPriority)
    i.__ieee754_rem_pio2                     0x08001f34   Section        0  rred.o(i.__ieee754_rem_pio2)
    i.__kernel_cos                           0x080022bc   Section        0  cos_i.o(i.__kernel_cos)
    i.__kernel_poly                          0x080023b8   Section        0  poly.o(i.__kernel_poly)
    i.__kernel_sin                           0x08002464   Section        0  sin_i.o(i.__kernel_sin)
    i.__mathlib_dbl_infnan                   0x08002550   Section        0  dunder.o(i.__mathlib_dbl_infnan)
    i.__mathlib_dbl_invalid                  0x08002556   Section        0  dunder.o(i.__mathlib_dbl_invalid)
    i.__mathlib_dbl_underflow                0x08002564   Section        0  dunder.o(i.__mathlib_dbl_underflow)
    i.__scatterload_copy                     0x08002574   Section       14  handlers.o(i.__scatterload_copy)
    i.__scatterload_null                     0x08002582   Section        2  handlers.o(i.__scatterload_null)
    i.__scatterload_zeroinit                 0x08002584   Section       14  handlers.o(i.__scatterload_zeroinit)
    i.__set_errno                            0x08002594   Section        0  errno.o(i.__set_errno)
    i.decodeGesture                          0x080025a0   Section        0  apds9960.o(i.decodeGesture)
    i.delay_ms                               0x08002688   Section        0  dht11.o(i.delay_ms)
    i.delay_us                               0x080026a4   Section        0  dht11.o(i.delay_us)
    i.main                                   0x080026c0   Section        0  main.o(i.main)
    i.makeFreeRtosPriority                   0x080027f4   Section        0  cmsis_os.o(i.makeFreeRtosPriority)
    makeFreeRtosPriority                     0x080027f5   Thumb Code    12  cmsis_os.o(i.makeFreeRtosPriority)
    i.osDelay                                0x08002800   Section        0  cmsis_os.o(i.osDelay)
    i.osKernelStart                          0x0800280e   Section        0  cmsis_os.o(i.osKernelStart)
    i.osThreadCreate                         0x08002818   Section        0  cmsis_os.o(i.osThreadCreate)
    i.processGestureData                     0x08002848   Section        0  apds9960.o(i.processGestureData)
    i.prvAddCurrentTaskToDelayedList         0x08002a08   Section        0  tasks.o(i.prvAddCurrentTaskToDelayedList)
    prvAddCurrentTaskToDelayedList           0x08002a09   Thumb Code   102  tasks.o(i.prvAddCurrentTaskToDelayedList)
    i.prvAddNewTaskToReadyList               0x08002a78   Section        0  tasks.o(i.prvAddNewTaskToReadyList)
    prvAddNewTaskToReadyList                 0x08002a79   Thumb Code   194  tasks.o(i.prvAddNewTaskToReadyList)
    i.prvCopyDataFromQueue                   0x08002b48   Section        0  queue.o(i.prvCopyDataFromQueue)
    prvCopyDataFromQueue                     0x08002b49   Thumb Code    38  queue.o(i.prvCopyDataFromQueue)
    i.prvCopyDataToQueue                     0x08002b6e   Section        0  queue.o(i.prvCopyDataToQueue)
    prvCopyDataToQueue                       0x08002b6f   Thumb Code   108  queue.o(i.prvCopyDataToQueue)
    i.prvDeleteTCB                           0x08002bda   Section        0  tasks.o(i.prvDeleteTCB)
    prvDeleteTCB                             0x08002bdb   Thumb Code    20  tasks.o(i.prvDeleteTCB)
    i.prvHeapInit                            0x08002bf0   Section        0  heap_4.o(i.prvHeapInit)
    prvHeapInit                              0x08002bf1   Thumb Code    64  heap_4.o(i.prvHeapInit)
    i.prvIdleTask                            0x08002c38   Section        0  tasks.o(i.prvIdleTask)
    prvIdleTask                              0x08002c39   Thumb Code    82  tasks.o(i.prvIdleTask)
    i.prvInitialiseNewTask                   0x08002c98   Section        0  tasks.o(i.prvInitialiseNewTask)
    prvInitialiseNewTask                     0x08002c99   Thumb Code   142  tasks.o(i.prvInitialiseNewTask)
    i.prvInsertBlockIntoFreeList             0x08002d28   Section        0  heap_4.o(i.prvInsertBlockIntoFreeList)
    prvInsertBlockIntoFreeList               0x08002d29   Thumb Code    72  heap_4.o(i.prvInsertBlockIntoFreeList)
    i.prvIsQueueEmpty                        0x08002d74   Section        0  queue.o(i.prvIsQueueEmpty)
    prvIsQueueEmpty                          0x08002d75   Thumb Code    28  queue.o(i.prvIsQueueEmpty)
    i.prvResetNextTaskUnblockTime            0x08002d90   Section        0  tasks.o(i.prvResetNextTaskUnblockTime)
    prvResetNextTaskUnblockTime              0x08002d91   Thumb Code    26  tasks.o(i.prvResetNextTaskUnblockTime)
    i.prvTaskExitError                       0x08002db0   Section        0  port.o(i.prvTaskExitError)
    prvTaskExitError                         0x08002db1   Thumb Code    36  port.o(i.prvTaskExitError)
    i.prvTaskIsTaskSuspended                 0x08002dd8   Section        0  tasks.o(i.prvTaskIsTaskSuspended)
    prvTaskIsTaskSuspended                   0x08002dd9   Thumb Code    48  tasks.o(i.prvTaskIsTaskSuspended)
    i.prvUnlockQueue                         0x08002e0c   Section        0  queue.o(i.prvUnlockQueue)
    prvUnlockQueue                           0x08002e0d   Thumb Code   106  queue.o(i.prvUnlockQueue)
    i.pvPortMalloc                           0x08002e78   Section        0  heap_4.o(i.pvPortMalloc)
    i.pvTaskIncrementMutexHeldCount          0x08002f50   Section        0  tasks.o(i.pvTaskIncrementMutexHeldCount)
    i.pxPortInitialiseStack                  0x08002f68   Section        0  port.o(i.pxPortInitialiseStack)
    i.resetGestureParameters                 0x08002f8c   Section        0  apds9960.o(i.resetGestureParameters)
    i.sin                                    0x08002fb4   Section        0  sin.o(i.sin)
    i.uxListRemove                           0x08003054   Section        0  list.o(i.uxListRemove)
    i.vListInitialise                        0x0800307a   Section        0  list.o(i.vListInitialise)
    i.vListInitialiseItem                    0x08003090   Section        0  list.o(i.vListInitialiseItem)
    i.vListInsert                            0x08003096   Section        0  list.o(i.vListInsert)
    i.vListInsertEnd                         0x080030c6   Section        0  list.o(i.vListInsertEnd)
    i.vPortEnterCritical                     0x080030e0   Section        0  port.o(i.vPortEnterCritical)
    i.vPortExitCritical                      0x08003120   Section        0  port.o(i.vPortExitCritical)
    i.vPortFree                              0x08003148   Section        0  heap_4.o(i.vPortFree)
    i.vPortSetupTimerInterrupt               0x080031a4   Section        0  port.o(i.vPortSetupTimerInterrupt)
    i.vPortValidateInterruptPriority         0x080031c8   Section        0  port.o(i.vPortValidateInterruptPriority)
    i.vTaskDelay                             0x0800321c   Section        0  tasks.o(i.vTaskDelay)
    i.vTaskInternalSetTimeOutState           0x08003268   Section        0  tasks.o(i.vTaskInternalSetTimeOutState)
    i.vTaskMissedYield                       0x08003278   Section        0  tasks.o(i.vTaskMissedYield)
    i.vTaskPlaceOnEventList                  0x08003284   Section        0  tasks.o(i.vTaskPlaceOnEventList)
    i.vTaskPriorityDisinheritAfterTimeout    0x080032b4   Section        0  tasks.o(i.vTaskPriorityDisinheritAfterTimeout)
    i.vTaskResume                            0x0800335c   Section        0  tasks.o(i.vTaskResume)
    i.vTaskStartScheduler                    0x080033d8   Section        0  tasks.o(i.vTaskStartScheduler)
    i.vTaskSuspend                           0x08003440   Section        0  tasks.o(i.vTaskSuspend)
    i.vTaskSuspendAll                        0x080034fc   Section        0  tasks.o(i.vTaskSuspendAll)
    i.vTaskSwitchContext                     0x0800350c   Section        0  tasks.o(i.vTaskSwitchContext)
    i.xPortStartScheduler                    0x08003568   Section        0  port.o(i.xPortStartScheduler)
    i.xQueueGenericCreate                    0x08003610   Section        0  queue.o(i.xQueueGenericCreate)
    i.xQueueGenericReset                     0x08003658   Section        0  queue.o(i.xQueueGenericReset)
    i.xQueueGenericSend                      0x080036e0   Section        0  queue.o(i.xQueueGenericSend)
    i.xQueueGiveFromISR                      0x08003840   Section        0  queue.o(i.xQueueGiveFromISR)
    i.xQueueReceive                          0x080038dc   Section        0  queue.o(i.xQueueReceive)
    i.xQueueSemaphoreTake                    0x08003a14   Section        0  queue.o(i.xQueueSemaphoreTake)
    i.xTaskCheckForTimeOut                   0x08003b8c   Section        0  tasks.o(i.xTaskCheckForTimeOut)
    i.xTaskCreate                            0x08003c00   Section        0  tasks.o(i.xTaskCreate)
    i.xTaskGetSchedulerState                 0x08003c58   Section        0  tasks.o(i.xTaskGetSchedulerState)
    i.xTaskIncrementTick                     0x08003c74   Section        0  tasks.o(i.xTaskIncrementTick)
    i.xTaskPriorityDisinherit                0x08003d3c   Section        0  tasks.o(i.xTaskPriorityDisinherit)
    i.xTaskPriorityInherit                   0x08003dd4   Section        0  tasks.o(i.xTaskPriorityInherit)
    i.xTaskRemoveFromEventList               0x08003e68   Section        0  tasks.o(i.xTaskRemoveFromEventList)
    i.xTaskResumeAll                         0x08003edc   Section        0  tasks.o(i.xTaskResumeAll)
    .constdata                               0x08003fa0   Section      120  main.o(.constdata)
    .constdata                               0x08004018   Section       16  system_stm32f1xx.o(.constdata)
    .constdata                               0x08004028   Section        8  system_stm32f1xx.o(.constdata)
    .constdata                               0x08004030   Section       48  cos_i.o(.constdata)
    C                                        0x08004030   Data          48  cos_i.o(.constdata)
    .constdata                               0x08004060   Section      200  rred.o(.constdata)
    pio2s                                    0x08004060   Data          48  rred.o(.constdata)
    twooverpi                                0x08004090   Data         152  rred.o(.constdata)
    .constdata                               0x08004128   Section       40  sin_i.o(.constdata)
    S                                        0x08004128   Data          40  sin_i.o(.constdata)
    .conststring                             0x08004150   Section       85  main.o(.conststring)
    .data                                    0x20000000   Section       56  main.o(.data)
    xHigherPriorityTaskWoken                 0x20000010   Data           4  main.o(.data)
    .data                                    0x20000038   Section        9  ds3231.o(.data)
    .data                                    0x20000044   Section       36  apds9960.o(.data)
    .data                                    0x20000068   Section        1  dht11.o(.data)
    .data                                    0x2000006c   Section       12  stm32f1xx_hal.o(.data)
    .data                                    0x20000078   Section        4  system_stm32f1xx.o(.data)
    .data                                    0x2000007c   Section       60  tasks.o(.data)
    pxDelayedTaskList                        0x20000080   Data           4  tasks.o(.data)
    pxOverflowDelayedTaskList                0x20000084   Data           4  tasks.o(.data)
    uxDeletedTasksWaitingCleanUp             0x20000088   Data           4  tasks.o(.data)
    uxCurrentNumberOfTasks                   0x2000008c   Data           4  tasks.o(.data)
    xTickCount                               0x20000090   Data           4  tasks.o(.data)
    uxTopReadyPriority                       0x20000094   Data           4  tasks.o(.data)
    xSchedulerRunning                        0x20000098   Data           4  tasks.o(.data)
    uxPendedTicks                            0x2000009c   Data           4  tasks.o(.data)
    xYieldPending                            0x200000a0   Data           4  tasks.o(.data)
    xNumOfOverflows                          0x200000a4   Data           4  tasks.o(.data)
    uxTaskNumber                             0x200000a8   Data           4  tasks.o(.data)
    xNextTaskUnblockTime                     0x200000ac   Data           4  tasks.o(.data)
    xIdleTaskHandle                          0x200000b0   Data           4  tasks.o(.data)
    uxSchedulerSuspended                     0x200000b4   Data           4  tasks.o(.data)
    .data                                    0x200000b8   Section       24  heap_4.o(.data)
    pxEnd                                    0x200000b8   Data           4  heap_4.o(.data)
    xFreeBytesRemaining                      0x200000bc   Data           4  heap_4.o(.data)
    xMinimumEverFreeBytesRemaining           0x200000c0   Data           4  heap_4.o(.data)
    xBlockAllocatedBit                       0x200000c4   Data           4  heap_4.o(.data)
    xStart                                   0x200000c8   Data           8  heap_4.o(.data)
    .data                                    0x200000d0   Section       12  port.o(.data)
    ucMaxSysCallPriority                     0x200000d0   Data           1  port.o(.data)
    uxCriticalNesting                        0x200000d4   Data           4  port.o(.data)
    ulMaxPRIGROUPValue                       0x200000d8   Data           4  port.o(.data)
    .data                                    0x200000dc   Section        4  errno.o(.data)
    _errno                                   0x200000dc   Data           4  errno.o(.data)
    .bss                                     0x200000e0   Section       80  main.o(.bss)
    .bss                                     0x20000130   Section       64  stm32f1xx_hal_timebase_tim.o(.bss)
    .bss                                     0x20000170   Section      260  apds9960.o(.bss)
    .bss                                     0x20000274   Section      240  tasks.o(.bss)
    pxReadyTasksLists                        0x20000274   Data         140  tasks.o(.bss)
    xDelayedTaskList1                        0x20000300   Data          20  tasks.o(.bss)
    xDelayedTaskList2                        0x20000314   Data          20  tasks.o(.bss)
    xPendingReadyList                        0x20000328   Data          20  tasks.o(.bss)
    xTasksWaitingTermination                 0x2000033c   Data          20  tasks.o(.bss)
    xSuspendedTaskList                       0x20000350   Data          20  tasks.o(.bss)
    .bss                                     0x20000364   Section    10000  heap_4.o(.bss)
    ucHeap                                   0x20000364   Data       10000  heap_4.o(.bss)
    STACK                                    0x20002a78   Section     1024  startup_stm32f103xb.o(STACK)

    Global Symbols

    Symbol Name                              Value     Ov Type        Size  Object(Section)

    BuildAttributes$$THM_ISAv4$P$D$K$B$S$PE$A:L22UL41UL21$X:L11$S22US41US21$IEEE1$IW$USESV6$~STKCKD$USESV7$~SHL$OTIME$ROPI$IEEEX$EBA8$MICROLIB$REQ8$PRES8$EABIv2 0x00000000   Number         0  anon$$obj.o ABSOLUTE
    __ARM_use_no_argv                        0x00000000   Number         0  main.o ABSOLUTE
    __cpp_initialize__aeabi_                  - Undefined Weak Reference
    __cxa_finalize                            - Undefined Weak Reference
    __decompress                              - Undefined Weak Reference
    _clock_init                               - Undefined Weak Reference
    _microlib_exit                            - Undefined Weak Reference
    __Vectors_Size                           0x000000ec   Number         0  startup_stm32f103xb.o ABSOLUTE
    __Vectors                                0x08000000   Data           4  startup_stm32f103xb.o(RESET)
    __Vectors_End                            0x080000ec   Data           0  startup_stm32f103xb.o(RESET)
    __main                                   0x080000ed   Thumb Code     0  entry.o(.ARM.Collect$$$$00000000)
    _main_stk                                0x080000ed   Thumb Code     0  entry2.o(.ARM.Collect$$$$00000001)
    _main_scatterload                        0x080000f1   Thumb Code     0  entry5.o(.ARM.Collect$$$$00000004)
    __main_after_scatterload                 0x080000f5   Thumb Code     0  entry5.o(.ARM.Collect$$$$00000004)
    _main_clock                              0x080000f5   Thumb Code     0  entry7b.o(.ARM.Collect$$$$00000008)
    _main_cpp_init                           0x080000f5   Thumb Code     0  entry8b.o(.ARM.Collect$$$$0000000A)
    _main_init                               0x080000f5   Thumb Code     0  entry9a.o(.ARM.Collect$$$$0000000B)
    __rt_final_cpp                           0x080000fd   Thumb Code     0  entry10a.o(.ARM.Collect$$$$0000000D)
    __rt_final_exit                          0x080000fd   Thumb Code     0  entry11a.o(.ARM.Collect$$$$0000000F)
    SVC_Handler                              0x08000101   Thumb Code    32  port.o(.emb_text)
    __asm___6_port_c_39a90d8d__prvStartFirstTask 0x08000125   Thumb Code    28  port.o(.emb_text)
    PendSV_Handler                           0x08000145   Thumb Code    72  port.o(.emb_text)
    vPortGetIPSR                             0x08000191   Thumb Code     6  port.o(.emb_text)
    Reset_Handler                            0x08000199   Thumb Code     8  startup_stm32f103xb.o(.text)
    ADC1_2_IRQHandler                        0x080001b3   Thumb Code     0  startup_stm32f103xb.o(.text)
    CAN1_RX1_IRQHandler                      0x080001b3   Thumb Code     0  startup_stm32f103xb.o(.text)
    CAN1_SCE_IRQHandler                      0x080001b3   Thumb Code     0  startup_stm32f103xb.o(.text)
    DMA1_Channel1_IRQHandler                 0x080001b3   Thumb Code     0  startup_stm32f103xb.o(.text)
    DMA1_Channel2_IRQHandler                 0x080001b3   Thumb Code     0  startup_stm32f103xb.o(.text)
    DMA1_Channel3_IRQHandler                 0x080001b3   Thumb Code     0  startup_stm32f103xb.o(.text)
    DMA1_Channel4_IRQHandler                 0x080001b3   Thumb Code     0  startup_stm32f103xb.o(.text)
    DMA1_Channel5_IRQHandler                 0x080001b3   Thumb Code     0  startup_stm32f103xb.o(.text)
    DMA1_Channel6_IRQHandler                 0x080001b3   Thumb Code     0  startup_stm32f103xb.o(.text)
    DMA1_Channel7_IRQHandler                 0x080001b3   Thumb Code     0  startup_stm32f103xb.o(.text)
    EXTI0_IRQHandler                         0x080001b3   Thumb Code     0  startup_stm32f103xb.o(.text)
    EXTI1_IRQHandler                         0x080001b3   Thumb Code     0  startup_stm32f103xb.o(.text)
    EXTI2_IRQHandler                         0x080001b3   Thumb Code     0  startup_stm32f103xb.o(.text)
    EXTI3_IRQHandler                         0x080001b3   Thumb Code     0  startup_stm32f103xb.o(.text)
    EXTI4_IRQHandler                         0x080001b3   Thumb Code     0  startup_stm32f103xb.o(.text)
    EXTI9_5_IRQHandler                       0x080001b3   Thumb Code     0  startup_stm32f103xb.o(.text)
    FLASH_IRQHandler                         0x080001b3   Thumb Code     0  startup_stm32f103xb.o(.text)
    I2C1_ER_IRQHandler                       0x080001b3   Thumb Code     0  startup_stm32f103xb.o(.text)
    I2C1_EV_IRQHandler                       0x080001b3   Thumb Code     0  startup_stm32f103xb.o(.text)
    I2C2_ER_IRQHandler                       0x080001b3   Thumb Code     0  startup_stm32f103xb.o(.text)
    I2C2_EV_IRQHandler                       0x080001b3   Thumb Code     0  startup_stm32f103xb.o(.text)
    PVD_IRQHandler                           0x080001b3   Thumb Code     0  startup_stm32f103xb.o(.text)
    RCC_IRQHandler                           0x080001b3   Thumb Code     0  startup_stm32f103xb.o(.text)
    RTC_Alarm_IRQHandler                     0x080001b3   Thumb Code     0  startup_stm32f103xb.o(.text)
    RTC_IRQHandler                           0x080001b3   Thumb Code     0  startup_stm32f103xb.o(.text)
    SPI1_IRQHandler                          0x080001b3   Thumb Code     0  startup_stm32f103xb.o(.text)
    SPI2_IRQHandler                          0x080001b3   Thumb Code     0  startup_stm32f103xb.o(.text)
    TAMPER_IRQHandler                        0x080001b3   Thumb Code     0  startup_stm32f103xb.o(.text)
    TIM1_BRK_IRQHandler                      0x080001b3   Thumb Code     0  startup_stm32f103xb.o(.text)
    TIM1_CC_IRQHandler                       0x080001b3   Thumb Code     0  startup_stm32f103xb.o(.text)
    TIM1_TRG_COM_IRQHandler                  0x080001b3   Thumb Code     0  startup_stm32f103xb.o(.text)
    TIM1_UP_IRQHandler                       0x080001b3   Thumb Code     0  startup_stm32f103xb.o(.text)
    TIM2_IRQHandler                          0x080001b3   Thumb Code     0  startup_stm32f103xb.o(.text)
    TIM3_IRQHandler                          0x080001b3   Thumb Code     0  startup_stm32f103xb.o(.text)
    USART1_IRQHandler                        0x080001b3   Thumb Code     0  startup_stm32f103xb.o(.text)
    USART2_IRQHandler                        0x080001b3   Thumb Code     0  startup_stm32f103xb.o(.text)
    USART3_IRQHandler                        0x080001b3   Thumb Code     0  startup_stm32f103xb.o(.text)
    USBWakeUp_IRQHandler                     0x080001b3   Thumb Code     0  startup_stm32f103xb.o(.text)
    USB_HP_CAN1_TX_IRQHandler                0x080001b3   Thumb Code     0  startup_stm32f103xb.o(.text)
    USB_LP_CAN1_RX0_IRQHandler               0x080001b3   Thumb Code     0  startup_stm32f103xb.o(.text)
    WWDG_IRQHandler                          0x080001b3   Thumb Code     0  startup_stm32f103xb.o(.text)
    __aeabi_llsr                             0x080001bd   Thumb Code    32  llushr.o(.text)
    _ll_ushift_r                             0x080001bd   Thumb Code     0  llushr.o(.text)
    __aeabi_memcpy                           0x080001dd   Thumb Code    36  memcpya.o(.text)
    __aeabi_memcpy4                          0x080001dd   Thumb Code     0  memcpya.o(.text)
    __aeabi_memcpy8                          0x080001dd   Thumb Code     0  memcpya.o(.text)
    __aeabi_memset                           0x08000201   Thumb Code    14  memseta.o(.text)
    __aeabi_memset4                          0x08000201   Thumb Code     0  memseta.o(.text)
    __aeabi_memset8                          0x08000201   Thumb Code     0  memseta.o(.text)
    __aeabi_memclr                           0x0800020f   Thumb Code     4  memseta.o(.text)
    __aeabi_memclr4                          0x0800020f   Thumb Code     0  memseta.o(.text)
    __aeabi_memclr8                          0x0800020f   Thumb Code     0  memseta.o(.text)
    memset                                   0x08000213   Thumb Code    18  memseta.o(.text)
    __aeabi_dadd                             0x08000225   Thumb Code   322  dadd.o(.text)
    __aeabi_dsub                             0x08000367   Thumb Code     6  dadd.o(.text)
    __aeabi_drsub                            0x0800036d   Thumb Code     6  dadd.o(.text)
    __aeabi_dmul                             0x08000373   Thumb Code   228  dmul.o(.text)
    __aeabi_ddiv                             0x08000457   Thumb Code   222  ddiv.o(.text)
    __aeabi_ui2d                             0x08000535   Thumb Code    26  dfltui.o(.text)
    __aeabi_d2uiz                            0x0800054f   Thumb Code    50  dfixui.o(.text)
    __aeabi_llsl                             0x08000581   Thumb Code    30  llshl.o(.text)
    _ll_shift_l                              0x08000581   Thumb Code     0  llshl.o(.text)
    __aeabi_lasr                             0x0800059f   Thumb Code    36  llsshr.o(.text)
    _ll_sshift_r                             0x0800059f   Thumb Code     0  llsshr.o(.text)
    __I$use$fp                               0x080005c3   Thumb Code     0  iusefp.o(.text)
    _double_round                            0x080005c3   Thumb Code    30  depilogue.o(.text)
    _double_epilogue                         0x080005e1   Thumb Code   156  depilogue.o(.text)
    __scatterload                            0x0800067d   Thumb Code    28  init.o(.text)
    __scatterload_rt2                        0x0800067d   Thumb Code     0  init.o(.text)
    __ARM_scalbn                             0x080006a1   Thumb Code    46  dscalb.o(.text)
    scalbn                                   0x080006a1   Thumb Code     0  dscalb.o(.text)
    __aeabi_i2d                              0x080006cf   Thumb Code    34  dflti.o(.text)
    __aeabi_d2iz                             0x080006f1   Thumb Code    62  dfixi.o(.text)
    APDS9960_Check_Gesture_State             0x0800072f   Thumb Code    18  apds9960.o(i.APDS9960_Check_Gesture_State)
    APDS9960_Gesture_EN                      0x08000741   Thumb Code   116  apds9960.o(i.APDS9960_Gesture_EN)
    APDS9960_Gesture_Get_State               0x080007b5   Thumb Code   156  apds9960.o(i.APDS9960_Gesture_Get_State)
    APDS9960_Get_ID                          0x08000855   Thumb Code     6  apds9960.o(i.APDS9960_Get_ID)
    APDS9960_Get_Mode                        0x0800085b   Thumb Code     6  apds9960.o(i.APDS9960_Get_Mode)
    APDS9960_Init                            0x08000861   Thumb Code   126  apds9960.o(i.APDS9960_Init)
    APDS9960_SetMode                         0x080008df   Thumb Code    66  apds9960.o(i.APDS9960_SetMode)
    APDS9960_Set_GestureGain                 0x08000921   Thumb Code    34  apds9960.o(i.APDS9960_Set_GestureGain)
    APDS9960_Set_Gesture_IntEnable           0x08000943   Thumb Code    30  apds9960.o(i.APDS9960_Set_Gesture_IntEnable)
    APDS9960_Set_Gesture_LEDDrive            0x08000961   Thumb Code    32  apds9960.o(i.APDS9960_Set_Gesture_LEDDrive)
    APDS9960_Set_Gesture_WaitTime            0x08000981   Thumb Code    30  apds9960.o(i.APDS9960_Set_Gesture_WaitTime)
    APDS9960_Set_Gesture_mode                0x0800099f   Thumb Code    30  apds9960.o(i.APDS9960_Set_Gesture_mode)
    APDS9960_Set_LED_Boost                   0x080009bd   Thumb Code    32  apds9960.o(i.APDS9960_Set_LED_Boost)
    APDS9960_get_data                        0x080009dd   Thumb Code    92  apds9960.o(i.APDS9960_get_data)
    APDS_GetData_Start                       0x08000a39   Thumb Code   138  main.o(i.APDS_GetData_Start)
    APDS_IIC_Ack                             0x08000ad1   Thumb Code    42  apds9960.o(i.APDS_IIC_Ack)
    APDS_IIC_Nack                            0x08000afb   Thumb Code    42  apds9960.o(i.APDS_IIC_Nack)
    APDS_IIC_READ_SDA                        0x08000b25   Thumb Code    62  apds9960.o(i.APDS_IIC_READ_SDA)
    APDS_IIC_Read_Byte                       0x08000b6d   Thumb Code    74  apds9960.o(i.APDS_IIC_Read_Byte)
    APDS_IIC_SCL                             0x08000bb9   Thumb Code    28  apds9960.o(i.APDS_IIC_SCL)
    APDS_IIC_SDA                             0x08000bd9   Thumb Code    76  apds9960.o(i.APDS_IIC_SDA)
    APDS_IIC_Send_Byte                       0x08000c2d   Thumb Code    70  apds9960.o(i.APDS_IIC_Send_Byte)
    APDS_IIC_Start                           0x08000c73   Thumb Code    42  apds9960.o(i.APDS_IIC_Start)
    APDS_IIC_Stop                            0x08000c9d   Thumb Code    54  apds9960.o(i.APDS_IIC_Stop)
    APDS_IIC_Wait_Ack                        0x08000cd5   Thumb Code    36  apds9960.o(i.APDS_IIC_Wait_Ack)
    APDS_ReadByte                            0x08000cfd   Thumb Code    58  apds9960.o(i.APDS_ReadByte)
    APDS_WriteByte                           0x08000d37   Thumb Code    48  apds9960.o(i.APDS_WriteByte)
    BusFault_Handler                         0x08000d67   Thumb Code     2  stm32f1xx_it.o(i.BusFault_Handler)
    DHT11_Check                              0x08000d69   Thumb Code    98  dht11.o(i.DHT11_Check)
    DHT11_DetData_Start                      0x08000dd9   Thumb Code    24  main.o(i.DHT11_DetData_Start)
    DHT11_Init                               0x08000df5   Thumb Code    14  dht11.o(i.DHT11_Init)
    DHT11_Rst                                0x08000e05   Thumb Code    52  dht11.o(i.DHT11_Rst)
    DS3231_WriteByte                         0x08000e41   Thumb Code    48  ds3231.o(i.DS3231_WriteByte)
    DebugMon_Handler                         0x08000e71   Thumb Code     2  stm32f1xx_it.o(i.DebugMon_Handler)
    EXTI15_10_IRQHandler                     0x08000e73   Thumb Code     8  stm32f1xx_it.o(i.EXTI15_10_IRQHandler)
    HAL_Delay                                0x08000e7d   Thumb Code    32  stm32f1xx_hal.o(i.HAL_Delay)
    HAL_GPIO_EXTI_Callback                   0x08000ea1   Thumb Code    46  main.o(i.HAL_GPIO_EXTI_Callback)
    HAL_GPIO_EXTI_IRQHandler                 0x08000ed9   Thumb Code    18  stm32f1xx_hal_gpio.o(i.HAL_GPIO_EXTI_IRQHandler)
    HAL_GPIO_Init                            0x08000ef1   Thumb Code   446  stm32f1xx_hal_gpio.o(i.HAL_GPIO_Init)
    HAL_GPIO_ReadPin                         0x080010d1   Thumb Code    10  stm32f1xx_hal_gpio.o(i.HAL_GPIO_ReadPin)
    HAL_GPIO_WritePin                        0x080010db   Thumb Code    10  stm32f1xx_hal_gpio.o(i.HAL_GPIO_WritePin)
    HAL_GetTick                              0x080010e5   Thumb Code     6  stm32f1xx_hal.o(i.HAL_GetTick)
    HAL_IncTick                              0x080010f1   Thumb Code    12  stm32f1xx_hal.o(i.HAL_IncTick)
    HAL_Init                                 0x08001101   Thumb Code    32  stm32f1xx_hal.o(i.HAL_Init)
    HAL_InitTick                             0x08001125   Thumb Code   100  stm32f1xx_hal_timebase_tim.o(i.HAL_InitTick)
    HAL_MspInit                              0x08001199   Thumb Code    62  stm32f1xx_hal_msp.o(i.HAL_MspInit)
    HAL_NVIC_EnableIRQ                       0x080011e1   Thumb Code    26  stm32f1xx_hal_cortex.o(i.HAL_NVIC_EnableIRQ)
    HAL_NVIC_SetPriority                     0x080011fd   Thumb Code    60  stm32f1xx_hal_cortex.o(i.HAL_NVIC_SetPriority)
    HAL_NVIC_SetPriorityGrouping             0x0800123d   Thumb Code    26  stm32f1xx_hal_cortex.o(i.HAL_NVIC_SetPriorityGrouping)
    HAL_RCC_ClockConfig                      0x08001261   Thumb Code   280  stm32f1xx_hal_rcc.o(i.HAL_RCC_ClockConfig)
    HAL_RCC_GetClockConfig                   0x0800138d   Thumb Code    54  stm32f1xx_hal_rcc.o(i.HAL_RCC_GetClockConfig)
    HAL_RCC_GetHCLKFreq                      0x080013cd   Thumb Code     6  stm32f1xx_hal_rcc.o(i.HAL_RCC_GetHCLKFreq)
    HAL_RCC_GetPCLK1Freq                     0x080013d9   Thumb Code    20  stm32f1xx_hal_rcc.o(i.HAL_RCC_GetPCLK1Freq)
    HAL_RCC_GetSysClockFreq                  0x080013f9   Thumb Code    74  stm32f1xx_hal_rcc.o(i.HAL_RCC_GetSysClockFreq)
    HAL_RCC_OscConfig                        0x08001465   Thumb Code   778  stm32f1xx_hal_rcc.o(i.HAL_RCC_OscConfig)
    HAL_TIMEx_BreakCallback                  0x08001785   Thumb Code     2  stm32f1xx_hal_tim_ex.o(i.HAL_TIMEx_BreakCallback)
    HAL_TIMEx_CommutCallback                 0x08001787   Thumb Code     2  stm32f1xx_hal_tim_ex.o(i.HAL_TIMEx_CommutCallback)
    HAL_TIM_Base_Init                        0x08001789   Thumb Code    54  stm32f1xx_hal_tim.o(i.HAL_TIM_Base_Init)
    HAL_TIM_Base_MspInit                     0x080017bf   Thumb Code     2  stm32f1xx_hal_tim.o(i.HAL_TIM_Base_MspInit)
    HAL_TIM_Base_Start_IT                    0x080017c1   Thumb Code    34  stm32f1xx_hal_tim.o(i.HAL_TIM_Base_Start_IT)
    HAL_TIM_IC_CaptureCallback               0x080017e3   Thumb Code     2  stm32f1xx_hal_tim.o(i.HAL_TIM_IC_CaptureCallback)
    HAL_TIM_IRQHandler                       0x080017e5   Thumb Code   358  stm32f1xx_hal_tim.o(i.HAL_TIM_IRQHandler)
    HAL_TIM_OC_DelayElapsedCallback          0x0800194b   Thumb Code     2  stm32f1xx_hal_tim.o(i.HAL_TIM_OC_DelayElapsedCallback)
    HAL_TIM_PWM_PulseFinishedCallback        0x0800194d   Thumb Code     2  stm32f1xx_hal_tim.o(i.HAL_TIM_PWM_PulseFinishedCallback)
    HAL_TIM_PeriodElapsedCallback            0x08001951   Thumb Code    14  main.o(i.HAL_TIM_PeriodElapsedCallback)
    HAL_TIM_TriggerCallback                  0x08001965   Thumb Code     2  stm32f1xx_hal_tim.o(i.HAL_TIM_TriggerCallback)
    HEX2_Bcd                                 0x08001967   Thumb Code    22  ds3231.o(i.HEX2_Bcd)
    HardFault_Handler                        0x0800197d   Thumb Code     2  stm32f1xx_it.o(i.HardFault_Handler)
    IIC_READ_SDA                             0x08001981   Thumb Code    62  ds3231.o(i.IIC_READ_SDA)
    IIC_SCL                                  0x080019c9   Thumb Code    28  ds3231.o(i.IIC_SCL)
    IIC_SDA                                  0x080019e9   Thumb Code    76  ds3231.o(i.IIC_SDA)
    LED_Flash_Task_Start                     0x08001a3d   Thumb Code   100  main.o(i.LED_Flash_Task_Start)
    LED_PWM_Task_Start                       0x08001aa9   Thumb Code   140  main.o(i.LED_PWM_Task_Start)
    MemManage_Handler                        0x08001c15   Thumb Code     2  stm32f1xx_it.o(i.MemManage_Handler)
    ModifyTime                               0x08001c17   Thumb Code   100  ds3231.o(i.ModifyTime)
    NMI_Handler                              0x08001c7b   Thumb Code     2  stm32f1xx_it.o(i.NMI_Handler)
    RTC_GetTime_Start                        0x08001c7d   Thumb Code    28  main.o(i.RTC_GetTime_Start)
    RTC_IIC_Send_Byte                        0x08001c9d   Thumb Code    70  ds3231.o(i.RTC_IIC_Send_Byte)
    RTC_IIC_Start                            0x08001ce3   Thumb Code    42  ds3231.o(i.RTC_IIC_Start)
    RTC_IIC_Stop                             0x08001d0d   Thumb Code    54  ds3231.o(i.RTC_IIC_Stop)
    RTC_IIC_Wait_Ack                         0x08001d45   Thumb Code    36  ds3231.o(i.RTC_IIC_Wait_Ack)
    SysTick_Handler                          0x08001d6d   Thumb Code    38  port.o(i.SysTick_Handler)
    SystemClock_Config                       0x08001d99   Thumb Code    78  main.o(i.SystemClock_Config)
    SystemInit                               0x08001de9   Thumb Code    56  system_stm32f1xx.o(i.SystemInit)
    TIM4_IRQHandler                          0x08001e31   Thumb Code     6  stm32f1xx_it.o(i.TIM4_IRQHandler)
    TIM_Base_SetConfig                       0x08001e3d   Thumb Code    94  stm32f1xx_hal_tim.o(i.TIM_Base_SetConfig)
    Task_Main_Start                          0x08001ea9   Thumb Code    52  main.o(i.Task_Main_Start)
    UsageFault_Handler                       0x08001ee9   Thumb Code     2  stm32f1xx_it.o(i.UsageFault_Handler)
    __ARM_fpclassify                         0x08001eeb   Thumb Code    40  fpclassify.o(i.__ARM_fpclassify)
    __ieee754_rem_pio2                       0x08001f35   Thumb Code   828  rred.o(i.__ieee754_rem_pio2)
    __kernel_cos                             0x080022bd   Thumb Code   230  cos_i.o(i.__kernel_cos)
    __kernel_poly                            0x080023b9   Thumb Code   170  poly.o(i.__kernel_poly)
    __kernel_sin                             0x08002465   Thumb Code   224  sin_i.o(i.__kernel_sin)
    __mathlib_dbl_infnan                     0x08002551   Thumb Code     6  dunder.o(i.__mathlib_dbl_infnan)
    __mathlib_dbl_invalid                    0x08002557   Thumb Code    12  dunder.o(i.__mathlib_dbl_invalid)
    __mathlib_dbl_underflow                  0x08002565   Thumb Code    10  dunder.o(i.__mathlib_dbl_underflow)
    __scatterload_copy                       0x08002575   Thumb Code    14  handlers.o(i.__scatterload_copy)
    __scatterload_null                       0x08002583   Thumb Code     2  handlers.o(i.__scatterload_null)
    __scatterload_zeroinit                   0x08002585   Thumb Code    14  handlers.o(i.__scatterload_zeroinit)
    __set_errno                              0x08002595   Thumb Code     6  errno.o(i.__set_errno)
    decodeGesture                            0x080025a1   Thumb Code   228  apds9960.o(i.decodeGesture)
    delay_ms                                 0x08002689   Thumb Code    26  dht11.o(i.delay_ms)
    delay_us                                 0x080026a5   Thumb Code    22  dht11.o(i.delay_us)
    main                                     0x080026c1   Thumb Code   296  main.o(i.main)
    osDelay                                  0x08002801   Thumb Code    14  cmsis_os.o(i.osDelay)
    osKernelStart                            0x0800280f   Thumb Code    10  cmsis_os.o(i.osKernelStart)
    osThreadCreate                           0x08002819   Thumb Code    46  cmsis_os.o(i.osThreadCreate)
    processGestureData                       0x08002849   Thumb Code   440  apds9960.o(i.processGestureData)
    pvPortMalloc                             0x08002e79   Thumb Code   210  heap_4.o(i.pvPortMalloc)
    pvTaskIncrementMutexHeldCount            0x08002f51   Thumb Code    18  tasks.o(i.pvTaskIncrementMutexHeldCount)
    pxPortInitialiseStack                    0x08002f69   Thumb Code    32  port.o(i.pxPortInitialiseStack)
    resetGestureParameters                   0x08002f8d   Thumb Code    30  apds9960.o(i.resetGestureParameters)
    sin                                      0x08002fb5   Thumb Code   150  sin.o(i.sin)
    uxListRemove                             0x08003055   Thumb Code    38  list.o(i.uxListRemove)
    vListInitialise                          0x0800307b   Thumb Code    22  list.o(i.vListInitialise)
    vListInitialiseItem                      0x08003091   Thumb Code     6  list.o(i.vListInitialiseItem)
    vListInsert                              0x08003097   Thumb Code    48  list.o(i.vListInsert)
    vListInsertEnd                           0x080030c7   Thumb Code    24  list.o(i.vListInsertEnd)
    vPortEnterCritical                       0x080030e1   Thumb Code    54  port.o(i.vPortEnterCritical)
    vPortExitCritical                        0x08003121   Thumb Code    34  port.o(i.vPortExitCritical)
    vPortFree                                0x08003149   Thumb Code    88  heap_4.o(i.vPortFree)
    vPortSetupTimerInterrupt                 0x080031a5   Thumb Code    32  port.o(i.vPortSetupTimerInterrupt)
    vPortValidateInterruptPriority           0x080031c9   Thumb Code    74  port.o(i.vPortValidateInterruptPriority)
    vTaskDelay                               0x0800321d   Thumb Code    66  tasks.o(i.vTaskDelay)
    vTaskInternalSetTimeOutState             0x08003269   Thumb Code    12  tasks.o(i.vTaskInternalSetTimeOutState)
    vTaskMissedYield                         0x08003279   Thumb Code     8  tasks.o(i.vTaskMissedYield)
    vTaskPlaceOnEventList                    0x08003285   Thumb Code    44  tasks.o(i.vTaskPlaceOnEventList)
    vTaskPriorityDisinheritAfterTimeout      0x080032b5   Thumb Code   160  tasks.o(i.vTaskPriorityDisinheritAfterTimeout)
    vTaskResume                              0x0800335d   Thumb Code   112  tasks.o(i.vTaskResume)
    vTaskStartScheduler                      0x080033d9   Thumb Code    86  tasks.o(i.vTaskStartScheduler)
    vTaskSuspend                             0x08003441   Thumb Code   174  tasks.o(i.vTaskSuspend)
    vTaskSuspendAll                          0x080034fd   Thumb Code    10  tasks.o(i.vTaskSuspendAll)
    vTaskSwitchContext                       0x0800350d   Thumb Code    82  tasks.o(i.vTaskSwitchContext)
    xPortStartScheduler                      0x08003569   Thumb Code   154  port.o(i.xPortStartScheduler)
    xQueueGenericCreate                      0x08003611   Thumb Code    72  queue.o(i.xQueueGenericCreate)
    xQueueGenericReset                       0x08003659   Thumb Code   132  queue.o(i.xQueueGenericReset)
    xQueueGenericSend                        0x080036e1   Thumb Code   346  queue.o(i.xQueueGenericSend)
    xQueueGiveFromISR                        0x08003841   Thumb Code   156  queue.o(i.xQueueGiveFromISR)
    xQueueReceive                            0x080038dd   Thumb Code   308  queue.o(i.xQueueReceive)
    xQueueSemaphoreTake                      0x08003a15   Thumb Code   372  queue.o(i.xQueueSemaphoreTake)
    xTaskCheckForTimeOut                     0x08003b8d   Thumb Code   112  tasks.o(i.xTaskCheckForTimeOut)
    xTaskCreate                              0x08003c01   Thumb Code    86  tasks.o(i.xTaskCreate)
    xTaskGetSchedulerState                   0x08003c59   Thumb Code    22  tasks.o(i.xTaskGetSchedulerState)
    xTaskIncrementTick                       0x08003c75   Thumb Code   192  tasks.o(i.xTaskIncrementTick)
    xTaskPriorityDisinherit                  0x08003d3d   Thumb Code   144  tasks.o(i.xTaskPriorityDisinherit)
    xTaskPriorityInherit                     0x08003dd5   Thumb Code   138  tasks.o(i.xTaskPriorityInherit)
    xTaskRemoveFromEventList                 0x08003e69   Thumb Code   108  tasks.o(i.xTaskRemoveFromEventList)
    xTaskResumeAll                           0x08003edd   Thumb Code   182  tasks.o(i.xTaskResumeAll)
    AHBPrescTable                            0x08004018   Data          16  system_stm32f1xx.o(.constdata)
    APBPrescTable                            0x08004028   Data           8  system_stm32f1xx.o(.constdata)
    Region$$Table$$Base                      0x080041a8   Number         0  anon$$obj.o(Region$$Table)
    Region$$Table$$Limit                     0x080041c8   Number         0  anon$$obj.o(Region$$Table)
    Count_PWM_Times                          0x20000000   Data           1  main.o(.data)
    Count_Flash_Times                        0x20000001   Data           1  main.o(.data)
    ID                                       0x20000002   Data           1  main.o(.data)
    GPIO_State                               0x20000003   Data           1  main.o(.data)
    State                                    0x20000004   Data           1  main.o(.data)
    Dir                                      0x20000005   Data           1  main.o(.data)
    PIN_Set                                  0x20000006   Data           1  main.o(.data)
    Count_APDS_Run                           0x20000007   Data           1  main.o(.data)
    Test_Queue                               0x20000008   Data           4  main.o(.data)
    BinarySemaphore_Handle                   0x2000000c   Data           4  main.o(.data)
    Task_MainHandle                          0x20000014   Data           4  main.o(.data)
    LED_PWM_TaskHandle                       0x20000018   Data           4  main.o(.data)
    LED_Flash_TaskHandle                     0x2000001c   Data           4  main.o(.data)
    RTC_GetTimeHandle                        0x20000020   Data           4  main.o(.data)
    APDS_TriggerHandle                       0x20000024   Data           4  main.o(.data)
    DHT11_GetDataHandle                      0x20000028   Data           4  main.o(.data)
    brightNess                               0x20000030   Data           8  main.o(.data)
    Pin_State                                0x20000038   Data           1  ds3231.o(.data)
    DS3231_ReadDate                          0x20000039   Data           8  ds3231.o(.data)
    APDS_Pin_State                           0x20000044   Data           1  apds9960.o(.data)
    gesture_ud_delta                         0x20000048   Data           4  apds9960.o(.data)
    gesture_lr_delta                         0x2000004c   Data           4  apds9960.o(.data)
    gesture_ud_count                         0x20000050   Data           4  apds9960.o(.data)
    gesture_lr_count                         0x20000054   Data           4  apds9960.o(.data)
    gesture_near_count                       0x20000058   Data           4  apds9960.o(.data)
    gesture_far_count                        0x2000005c   Data           4  apds9960.o(.data)
    gesture_state                            0x20000060   Data           4  apds9960.o(.data)
    gesture_motion                           0x20000064   Data           4  apds9960.o(.data)
    retry                                    0x20000068   Data           1  dht11.o(.data)
    uwTickFreq                               0x2000006c   Data           1  stm32f1xx_hal.o(.data)
    uwTickPrio                               0x20000070   Data           4  stm32f1xx_hal.o(.data)
    uwTick                                   0x20000074   Data           4  stm32f1xx_hal.o(.data)
    SystemCoreClock                          0x20000078   Data           4  system_stm32f1xx.o(.data)
    pxCurrentTCB                             0x2000007c   Data           4  tasks.o(.data)
    List_Test                                0x200000e0   Data          20  main.o(.bss)
    List_Item1                               0x200000f4   Data          20  main.o(.bss)
    List_Item2                               0x20000108   Data          20  main.o(.bss)
    List_Item3                               0x2000011c   Data          20  main.o(.bss)
    htim4                                    0x20000130   Data          64  stm32f1xx_hal_timebase_tim.o(.bss)
    gesture_data                             0x20000170   Data         132  apds9960.o(.bss)
    fifo_data                                0x200001f4   Data         128  apds9960.o(.bss)
    __initial_sp                             0x20002e78   Data           0  startup_stm32f103xb.o(STACK)



==============================================================================

Memory Map of the image

  Image Entry point : 0x080000ed

  Load Region LR_IROM1 (Base: 0x08000000, Size: 0x000042a8, Max: 0x00010000, ABSOLUTE)

    Execution Region ER_IROM1 (Exec base: 0x08000000, Load base: 0x08000000, Size: 0x000041c8, Max: 0x00010000, ABSOLUTE)

    Exec Addr    Load Addr    Size         Type   Attr      Idx    E Section Name        Object

    0x08000000   0x08000000   0x000000ec   Data   RO            3    RESET               startup_stm32f103xb.o
    0x080000ec   0x080000ec   0x00000000   Code   RO         4022  * .ARM.Collect$$$$00000000  mc_w.l(entry.o)
    0x080000ec   0x080000ec   0x00000004   Code   RO         4075    .ARM.Collect$$$$00000001  mc_w.l(entry2.o)
    0x080000f0   0x080000f0   0x00000004   Code   RO         4078    .ARM.Collect$$$$00000004  mc_w.l(entry5.o)
    0x080000f4   0x080000f4   0x00000000   Code   RO         4080    .ARM.Collect$$$$00000008  mc_w.l(entry7b.o)
    0x080000f4   0x080000f4   0x00000000   Code   RO         4082    .ARM.Collect$$$$0000000A  mc_w.l(entry8b.o)
    0x080000f4   0x080000f4   0x00000008   Code   RO         4083    .ARM.Collect$$$$0000000B  mc_w.l(entry9a.o)
    0x080000fc   0x080000fc   0x00000000   Code   RO         4085    .ARM.Collect$$$$0000000D  mc_w.l(entry10a.o)
    0x080000fc   0x080000fc   0x00000000   Code   RO         4087    .ARM.Collect$$$$0000000F  mc_w.l(entry11a.o)
    0x080000fc   0x080000fc   0x00000004   Code   RO         4076    .ARM.Collect$$$$00002712  mc_w.l(entry2.o)
    0x08000100   0x08000100   0x00000096   Code   RO         3937    .emb_text           port.o
    0x08000196   0x08000196   0x00000002   PAD
    0x08000198   0x08000198   0x00000024   Code   RO            4    .text               startup_stm32f103xb.o
    0x080001bc   0x080001bc   0x00000020   Code   RO         4025    .text               mc_w.l(llushr.o)
    0x080001dc   0x080001dc   0x00000024   Code   RO         4027    .text               mc_w.l(memcpya.o)
    0x08000200   0x08000200   0x00000024   Code   RO         4031    .text               mc_w.l(memseta.o)
    0x08000224   0x08000224   0x0000014e   Code   RO         4035    .text               mf_w.l(dadd.o)
    0x08000372   0x08000372   0x000000e4   Code   RO         4037    .text               mf_w.l(dmul.o)
    0x08000456   0x08000456   0x000000de   Code   RO         4039    .text               mf_w.l(ddiv.o)
    0x08000534   0x08000534   0x0000001a   Code   RO         4041    .text               mf_w.l(dfltui.o)
    0x0800054e   0x0800054e   0x00000032   Code   RO         4043    .text               mf_w.l(dfixui.o)
    0x08000580   0x08000580   0x0000001e   Code   RO         4089    .text               mc_w.l(llshl.o)
    0x0800059e   0x0800059e   0x00000024   Code   RO         4091    .text               mc_w.l(llsshr.o)
    0x080005c2   0x080005c2   0x00000000   Code   RO         4100    .text               mc_w.l(iusefp.o)
    0x080005c2   0x080005c2   0x000000ba   Code   RO         4103    .text               mf_w.l(depilogue.o)
    0x0800067c   0x0800067c   0x00000024   Code   RO         4109    .text               mc_w.l(init.o)
    0x080006a0   0x080006a0   0x0000002e   Code   RO         4111    .text               mf_w.l(dscalb.o)
    0x080006ce   0x080006ce   0x00000022   Code   RO         4113    .text               mf_w.l(dflti.o)
    0x080006f0   0x080006f0   0x0000003e   Code   RO         4115    .text               mf_w.l(dfixi.o)
    0x0800072e   0x0800072e   0x00000012   Code   RO          532    i.APDS9960_Check_Gesture_State  apds9960.o
    0x08000740   0x08000740   0x00000074   Code   RO          533    i.APDS9960_Gesture_EN  apds9960.o
    0x080007b4   0x080007b4   0x000000a0   Code   RO          534    i.APDS9960_Gesture_Get_State  apds9960.o
    0x08000854   0x08000854   0x00000006   Code   RO          535    i.APDS9960_Get_ID   apds9960.o
    0x0800085a   0x0800085a   0x00000006   Code   RO          536    i.APDS9960_Get_Mode  apds9960.o
    0x08000860   0x08000860   0x0000007e   Code   RO          537    i.APDS9960_Init     apds9960.o
    0x080008de   0x080008de   0x00000042   Code   RO          538    i.APDS9960_SetMode  apds9960.o
    0x08000920   0x08000920   0x00000022   Code   RO          539    i.APDS9960_Set_GestureGain  apds9960.o
    0x08000942   0x08000942   0x0000001e   Code   RO          540    i.APDS9960_Set_Gesture_IntEnable  apds9960.o
    0x08000960   0x08000960   0x00000020   Code   RO          541    i.APDS9960_Set_Gesture_LEDDrive  apds9960.o
    0x08000980   0x08000980   0x0000001e   Code   RO          542    i.APDS9960_Set_Gesture_WaitTime  apds9960.o
    0x0800099e   0x0800099e   0x0000001e   Code   RO          543    i.APDS9960_Set_Gesture_mode  apds9960.o
    0x080009bc   0x080009bc   0x00000020   Code   RO          544    i.APDS9960_Set_LED_Boost  apds9960.o
    0x080009dc   0x080009dc   0x0000005c   Code   RO          545    i.APDS9960_get_data  apds9960.o
    0x08000a38   0x08000a38   0x00000098   Code   RO           13    i.APDS_GetData_Start  main.o
    0x08000ad0   0x08000ad0   0x0000002a   Code   RO          546    i.APDS_IIC_Ack      apds9960.o
    0x08000afa   0x08000afa   0x0000002a   Code   RO          547    i.APDS_IIC_Nack     apds9960.o
    0x08000b24   0x08000b24   0x00000048   Code   RO          548    i.APDS_IIC_READ_SDA  apds9960.o
    0x08000b6c   0x08000b6c   0x0000004a   Code   RO          549    i.APDS_IIC_Read_Byte  apds9960.o
    0x08000bb6   0x08000bb6   0x00000002   PAD
    0x08000bb8   0x08000bb8   0x00000020   Code   RO          550    i.APDS_IIC_SCL      apds9960.o
    0x08000bd8   0x08000bd8   0x00000054   Code   RO          551    i.APDS_IIC_SDA      apds9960.o
    0x08000c2c   0x08000c2c   0x00000046   Code   RO          552    i.APDS_IIC_Send_Byte  apds9960.o
    0x08000c72   0x08000c72   0x0000002a   Code   RO          553    i.APDS_IIC_Start    apds9960.o
    0x08000c9c   0x08000c9c   0x00000036   Code   RO          554    i.APDS_IIC_Stop     apds9960.o
    0x08000cd2   0x08000cd2   0x00000002   PAD
    0x08000cd4   0x08000cd4   0x00000028   Code   RO          555    i.APDS_IIC_Wait_Ack  apds9960.o
    0x08000cfc   0x08000cfc   0x0000003a   Code   RO          556    i.APDS_ReadByte     apds9960.o
    0x08000d36   0x08000d36   0x00000030   Code   RO          557    i.APDS_WriteByte    apds9960.o
    0x08000d66   0x08000d66   0x00000002   Code   RO          282    i.BusFault_Handler  stm32f1xx_it.o
    0x08000d68   0x08000d68   0x00000070   Code   RO          719    i.DHT11_Check       dht11.o
    0x08000dd8   0x08000dd8   0x0000001c   Code   RO           14    i.DHT11_DetData_Start  main.o
    0x08000df4   0x08000df4   0x0000000e   Code   RO          720    i.DHT11_Init        dht11.o
    0x08000e02   0x08000e02   0x00000002   PAD
    0x08000e04   0x08000e04   0x0000003c   Code   RO          725    i.DHT11_Rst         dht11.o
    0x08000e40   0x08000e40   0x00000030   Code   RO          417    i.DS3231_WriteByte  ds3231.o
    0x08000e70   0x08000e70   0x00000002   Code   RO          283    i.DebugMon_Handler  stm32f1xx_it.o
    0x08000e72   0x08000e72   0x00000008   Code   RO          284    i.EXTI15_10_IRQHandler  stm32f1xx_it.o
    0x08000e7a   0x08000e7a   0x00000002   PAD
    0x08000e7c   0x08000e7c   0x00000024   Code   RO         1784    i.HAL_Delay         stm32f1xx_hal.o
    0x08000ea0   0x08000ea0   0x00000038   Code   RO           16    i.HAL_GPIO_EXTI_Callback  main.o
    0x08000ed8   0x08000ed8   0x00000018   Code   RO         2091    i.HAL_GPIO_EXTI_IRQHandler  stm32f1xx_hal_gpio.o
    0x08000ef0   0x08000ef0   0x000001e0   Code   RO         2092    i.HAL_GPIO_Init     stm32f1xx_hal_gpio.o
    0x080010d0   0x080010d0   0x0000000a   Code   RO         2094    i.HAL_GPIO_ReadPin  stm32f1xx_hal_gpio.o
    0x080010da   0x080010da   0x0000000a   Code   RO         2096    i.HAL_GPIO_WritePin  stm32f1xx_hal_gpio.o
    0x080010e4   0x080010e4   0x0000000c   Code   RO         1788    i.HAL_GetTick       stm32f1xx_hal.o
    0x080010f0   0x080010f0   0x00000010   Code   RO         1794    i.HAL_IncTick       stm32f1xx_hal.o
    0x08001100   0x08001100   0x00000024   Code   RO         1795    i.HAL_Init          stm32f1xx_hal.o
    0x08001124   0x08001124   0x00000074   Code   RO          376    i.HAL_InitTick      stm32f1xx_hal_timebase_tim.o
    0x08001198   0x08001198   0x00000048   Code   RO          352    i.HAL_MspInit       stm32f1xx_hal_msp.o
    0x080011e0   0x080011e0   0x0000001a   Code   RO         2252    i.HAL_NVIC_EnableIRQ  stm32f1xx_hal_cortex.o
    0x080011fa   0x080011fa   0x00000002   PAD
    0x080011fc   0x080011fc   0x00000040   Code   RO         2258    i.HAL_NVIC_SetPriority  stm32f1xx_hal_cortex.o
    0x0800123c   0x0800123c   0x00000024   Code   RO         2259    i.HAL_NVIC_SetPriorityGrouping  stm32f1xx_hal_cortex.o
    0x08001260   0x08001260   0x0000012c   Code   RO         1952    i.HAL_RCC_ClockConfig  stm32f1xx_hal_rcc.o
    0x0800138c   0x0800138c   0x00000040   Code   RO         1956    i.HAL_RCC_GetClockConfig  stm32f1xx_hal_rcc.o
    0x080013cc   0x080013cc   0x0000000c   Code   RO         1957    i.HAL_RCC_GetHCLKFreq  stm32f1xx_hal_rcc.o
    0x080013d8   0x080013d8   0x00000020   Code   RO         1959    i.HAL_RCC_GetPCLK1Freq  stm32f1xx_hal_rcc.o
    0x080013f8   0x080013f8   0x0000006c   Code   RO         1961    i.HAL_RCC_GetSysClockFreq  stm32f1xx_hal_rcc.o
    0x08001464   0x08001464   0x00000320   Code   RO         1964    i.HAL_RCC_OscConfig  stm32f1xx_hal_rcc.o
    0x08001784   0x08001784   0x00000002   Code   RO         1526    i.HAL_TIMEx_BreakCallback  stm32f1xx_hal_tim_ex.o
    0x08001786   0x08001786   0x00000002   Code   RO         1527    i.HAL_TIMEx_CommutCallback  stm32f1xx_hal_tim_ex.o
    0x08001788   0x08001788   0x00000036   Code   RO          851    i.HAL_TIM_Base_Init  stm32f1xx_hal_tim.o
    0x080017be   0x080017be   0x00000002   Code   RO          853    i.HAL_TIM_Base_MspInit  stm32f1xx_hal_tim.o
    0x080017c0   0x080017c0   0x00000022   Code   RO          856    i.HAL_TIM_Base_Start_IT  stm32f1xx_hal_tim.o
    0x080017e2   0x080017e2   0x00000002   Code   RO          880    i.HAL_TIM_IC_CaptureCallback  stm32f1xx_hal_tim.o
    0x080017e4   0x080017e4   0x00000166   Code   RO          894    i.HAL_TIM_IRQHandler  stm32f1xx_hal_tim.o
    0x0800194a   0x0800194a   0x00000002   Code   RO          897    i.HAL_TIM_OC_DelayElapsedCallback  stm32f1xx_hal_tim.o
    0x0800194c   0x0800194c   0x00000002   Code   RO          924    i.HAL_TIM_PWM_PulseFinishedCallback  stm32f1xx_hal_tim.o
    0x0800194e   0x0800194e   0x00000002   PAD
    0x08001950   0x08001950   0x00000014   Code   RO           17    i.HAL_TIM_PeriodElapsedCallback  main.o
    0x08001964   0x08001964   0x00000002   Code   RO          937    i.HAL_TIM_TriggerCallback  stm32f1xx_hal_tim.o
    0x08001966   0x08001966   0x00000016   Code   RO          418    i.HEX2_Bcd          ds3231.o
    0x0800197c   0x0800197c   0x00000002   Code   RO          285    i.HardFault_Handler  stm32f1xx_it.o
    0x0800197e   0x0800197e   0x00000002   PAD
    0x08001980   0x08001980   0x00000048   Code   RO          419    i.IIC_READ_SDA      ds3231.o
    0x080019c8   0x080019c8   0x00000020   Code   RO          420    i.IIC_SCL           ds3231.o
    0x080019e8   0x080019e8   0x00000054   Code   RO          421    i.IIC_SDA           ds3231.o
    0x08001a3c   0x08001a3c   0x0000006c   Code   RO           18    i.LED_Flash_Task_Start  main.o
    0x08001aa8   0x08001aa8   0x00000098   Code   RO           19    i.LED_PWM_Task_Start  main.o
    0x08001b40   0x08001b40   0x000000d4   Code   RO           20    i.MX_GPIO_Init      main.o
    0x08001c14   0x08001c14   0x00000002   Code   RO          286    i.MemManage_Handler  stm32f1xx_it.o
    0x08001c16   0x08001c16   0x00000064   Code   RO          422    i.ModifyTime        ds3231.o
    0x08001c7a   0x08001c7a   0x00000002   Code   RO          287    i.NMI_Handler       stm32f1xx_it.o
    0x08001c7c   0x08001c7c   0x00000020   Code   RO           21    i.RTC_GetTime_Start  main.o
    0x08001c9c   0x08001c9c   0x00000046   Code   RO          426    i.RTC_IIC_Send_Byte  ds3231.o
    0x08001ce2   0x08001ce2   0x0000002a   Code   RO          427    i.RTC_IIC_Start     ds3231.o
    0x08001d0c   0x08001d0c   0x00000036   Code   RO          428    i.RTC_IIC_Stop      ds3231.o
    0x08001d42   0x08001d42   0x00000002   PAD
    0x08001d44   0x08001d44   0x00000028   Code   RO          429    i.RTC_IIC_Wait_Ack  ds3231.o
    0x08001d6c   0x08001d6c   0x0000002c   Code   RO         3938    i.SysTick_Handler   port.o
    0x08001d98   0x08001d98   0x0000004e   Code   RO           22    i.SystemClock_Config  main.o
    0x08001de6   0x08001de6   0x00000002   PAD
    0x08001de8   0x08001de8   0x00000048   Code   RO         2753    i.SystemInit        system_stm32f1xx.o
    0x08001e30   0x08001e30   0x0000000c   Code   RO          288    i.TIM4_IRQHandler   stm32f1xx_it.o
    0x08001e3c   0x08001e3c   0x0000006c   Code   RO          939    i.TIM_Base_SetConfig  stm32f1xx_hal_tim.o
    0x08001ea8   0x08001ea8   0x00000040   Code   RO           23    i.Task_Main_Start   main.o
    0x08001ee8   0x08001ee8   0x00000002   Code   RO          289    i.UsageFault_Handler  stm32f1xx_it.o
    0x08001eea   0x08001eea   0x00000028   Code   RO         4105    i.__ARM_fpclassify  m_ws.l(fpclassify.o)
    0x08001f12   0x08001f12   0x00000020   Code   RO         2265    i.__NVIC_SetPriority  stm32f1xx_hal_cortex.o
    0x08001f32   0x08001f32   0x00000002   PAD
    0x08001f34   0x08001f34   0x00000388   Code   RO         4064    i.__ieee754_rem_pio2  m_ws.l(rred.o)
    0x080022bc   0x080022bc   0x000000fc   Code   RO         4047    i.__kernel_cos      m_ws.l(cos_i.o)
    0x080023b8   0x080023b8   0x000000aa   Code   RO         4107    i.__kernel_poly     m_ws.l(poly.o)
    0x08002462   0x08002462   0x00000002   PAD
    0x08002464   0x08002464   0x000000ec   Code   RO         4069    i.__kernel_sin      m_ws.l(sin_i.o)
    0x08002550   0x08002550   0x00000006   Code   RO         4051    i.__mathlib_dbl_infnan  m_ws.l(dunder.o)
    0x08002556   0x08002556   0x0000000c   Code   RO         4053    i.__mathlib_dbl_invalid  m_ws.l(dunder.o)
    0x08002562   0x08002562   0x00000002   PAD
    0x08002564   0x08002564   0x00000010   Code   RO         4056    i.__mathlib_dbl_underflow  m_ws.l(dunder.o)
    0x08002574   0x08002574   0x0000000e   Code   RO         4119    i.__scatterload_copy  mc_w.l(handlers.o)
    0x08002582   0x08002582   0x00000002   Code   RO         4120    i.__scatterload_null  mc_w.l(handlers.o)
    0x08002584   0x08002584   0x0000000e   Code   RO         4121    i.__scatterload_zeroinit  mc_w.l(handlers.o)
    0x08002592   0x08002592   0x00000002   PAD
    0x08002594   0x08002594   0x0000000c   Code   RO         4095    i.__set_errno       mc_w.l(errno.o)
    0x080025a0   0x080025a0   0x000000e8   Code   RO          558    i.decodeGesture     apds9960.o
    0x08002688   0x08002688   0x0000001a   Code   RO          726    i.delay_ms          dht11.o
    0x080026a2   0x080026a2   0x00000002   PAD
    0x080026a4   0x080026a4   0x0000001c   Code   RO          727    i.delay_us          dht11.o
    0x080026c0   0x080026c0   0x00000134   Code   RO           24    i.main              main.o
    0x080027f4   0x080027f4   0x0000000c   Code   RO         3509    i.makeFreeRtosPriority  cmsis_os.o
    0x08002800   0x08002800   0x0000000e   Code   RO         3511    i.osDelay           cmsis_os.o
    0x0800280e   0x0800280e   0x0000000a   Code   RO         3514    i.osKernelStart     cmsis_os.o
    0x08002818   0x08002818   0x0000002e   Code   RO         3548    i.osThreadCreate    cmsis_os.o
    0x08002846   0x08002846   0x00000002   PAD
    0x08002848   0x08002848   0x000001c0   Code   RO          559    i.processGestureData  apds9960.o
    0x08002a08   0x08002a08   0x00000070   Code   RO         3212    i.prvAddCurrentTaskToDelayedList  tasks.o
    0x08002a78   0x08002a78   0x000000d0   Code   RO         3213    i.prvAddNewTaskToReadyList  tasks.o
    0x08002b48   0x08002b48   0x00000026   Code   RO         2925    i.prvCopyDataFromQueue  queue.o
    0x08002b6e   0x08002b6e   0x0000006c   Code   RO         2926    i.prvCopyDataToQueue  queue.o
    0x08002bda   0x08002bda   0x00000014   Code   RO         3214    i.prvDeleteTCB      tasks.o
    0x08002bee   0x08002bee   0x00000002   PAD
    0x08002bf0   0x08002bf0   0x00000048   Code   RO         3876    i.prvHeapInit       heap_4.o
    0x08002c38   0x08002c38   0x00000060   Code   RO         3215    i.prvIdleTask       tasks.o
    0x08002c98   0x08002c98   0x0000008e   Code   RO         3216    i.prvInitialiseNewTask  tasks.o
    0x08002d26   0x08002d26   0x00000002   PAD
    0x08002d28   0x08002d28   0x0000004c   Code   RO         3877    i.prvInsertBlockIntoFreeList  heap_4.o
    0x08002d74   0x08002d74   0x0000001c   Code   RO         2927    i.prvIsQueueEmpty   queue.o
    0x08002d90   0x08002d90   0x00000020   Code   RO         3217    i.prvResetNextTaskUnblockTime  tasks.o
    0x08002db0   0x08002db0   0x00000028   Code   RO         3939    i.prvTaskExitError  port.o
    0x08002dd8   0x08002dd8   0x00000034   Code   RO         3218    i.prvTaskIsTaskSuspended  tasks.o
    0x08002e0c   0x08002e0c   0x0000006a   Code   RO         2928    i.prvUnlockQueue    queue.o
    0x08002e76   0x08002e76   0x00000002   PAD
    0x08002e78   0x08002e78   0x000000d8   Code   RO         3878    i.pvPortMalloc      heap_4.o
    0x08002f50   0x08002f50   0x00000018   Code   RO         3219    i.pvTaskIncrementMutexHeldCount  tasks.o
    0x08002f68   0x08002f68   0x00000024   Code   RO         3940    i.pxPortInitialiseStack  port.o
    0x08002f8c   0x08002f8c   0x00000028   Code   RO          560    i.resetGestureParameters  apds9960.o
    0x08002fb4   0x08002fb4   0x000000a0   Code   RO         4015    i.sin               m_ws.l(sin.o)
    0x08003054   0x08003054   0x00000026   Code   RO         2885    i.uxListRemove      list.o
    0x0800307a   0x0800307a   0x00000016   Code   RO         2886    i.vListInitialise   list.o
    0x08003090   0x08003090   0x00000006   Code   RO         2887    i.vListInitialiseItem  list.o
    0x08003096   0x08003096   0x00000030   Code   RO         2888    i.vListInsert       list.o
    0x080030c6   0x080030c6   0x00000018   Code   RO         2889    i.vListInsertEnd    list.o
    0x080030de   0x080030de   0x00000002   PAD
    0x080030e0   0x080030e0   0x00000040   Code   RO         3942    i.vPortEnterCritical  port.o
    0x08003120   0x08003120   0x00000028   Code   RO         3943    i.vPortExitCritical  port.o
    0x08003148   0x08003148   0x0000005c   Code   RO         3879    i.vPortFree         heap_4.o
    0x080031a4   0x080031a4   0x00000024   Code   RO         3944    i.vPortSetupTimerInterrupt  port.o
    0x080031c8   0x080031c8   0x00000054   Code   RO         3945    i.vPortValidateInterruptPriority  port.o
    0x0800321c   0x0800321c   0x0000004c   Code   RO         3225    i.vTaskDelay        tasks.o
    0x08003268   0x08003268   0x00000010   Code   RO         3228    i.vTaskInternalSetTimeOutState  tasks.o
    0x08003278   0x08003278   0x0000000c   Code   RO         3229    i.vTaskMissedYield  tasks.o
    0x08003284   0x08003284   0x00000030   Code   RO         3231    i.vTaskPlaceOnEventList  tasks.o
    0x080032b4   0x080032b4   0x000000a8   Code   RO         3233    i.vTaskPriorityDisinheritAfterTimeout  tasks.o
    0x0800335c   0x0800335c   0x0000007c   Code   RO         3236    i.vTaskResume       tasks.o
    0x080033d8   0x080033d8   0x00000068   Code   RO         3238    i.vTaskStartScheduler  tasks.o
    0x08003440   0x08003440   0x000000bc   Code   RO         3239    i.vTaskSuspend      tasks.o
    0x080034fc   0x080034fc   0x00000010   Code   RO         3240    i.vTaskSuspendAll   tasks.o
    0x0800350c   0x0800350c   0x0000005c   Code   RO         3241    i.vTaskSwitchContext  tasks.o
    0x08003568   0x08003568   0x000000a8   Code   RO         3946    i.xPortStartScheduler  port.o
    0x08003610   0x08003610   0x00000048   Code   RO         2936    i.xQueueGenericCreate  queue.o
    0x08003658   0x08003658   0x00000088   Code   RO         2937    i.xQueueGenericReset  queue.o
    0x080036e0   0x080036e0   0x00000160   Code   RO         2938    i.xQueueGenericSend  queue.o
    0x08003840   0x08003840   0x0000009c   Code   RO         2940    i.xQueueGiveFromISR  queue.o
    0x080038dc   0x080038dc   0x00000138   Code   RO         2945    i.xQueueReceive     queue.o
    0x08003a14   0x08003a14   0x00000178   Code   RO         2947    i.xQueueSemaphoreTake  queue.o
    0x08003b8c   0x08003b8c   0x00000074   Code   RO         3242    i.xTaskCheckForTimeOut  tasks.o
    0x08003c00   0x08003c00   0x00000056   Code   RO         3243    i.xTaskCreate       tasks.o
    0x08003c56   0x08003c56   0x00000002   PAD
    0x08003c58   0x08003c58   0x0000001c   Code   RO         3247    i.xTaskGetSchedulerState  tasks.o
    0x08003c74   0x08003c74   0x000000c8   Code   RO         3250    i.xTaskIncrementTick  tasks.o
    0x08003d3c   0x08003d3c   0x00000098   Code   RO         3253    i.xTaskPriorityDisinherit  tasks.o
    0x08003dd4   0x08003dd4   0x00000094   Code   RO         3254    i.xTaskPriorityInherit  tasks.o
    0x08003e68   0x08003e68   0x00000074   Code   RO         3255    i.xTaskRemoveFromEventList  tasks.o
    0x08003edc   0x08003edc   0x000000c4   Code   RO         3256    i.xTaskResumeAll    tasks.o
    0x08003fa0   0x08003fa0   0x00000078   Data   RO           26    .constdata          main.o
    0x08004018   0x08004018   0x00000010   Data   RO         2754    .constdata          system_stm32f1xx.o
    0x08004028   0x08004028   0x00000008   Data   RO         2755    .constdata          system_stm32f1xx.o
    0x08004030   0x08004030   0x00000030   Data   RO         4048    .constdata          m_ws.l(cos_i.o)
    0x08004060   0x08004060   0x000000c8   Data   RO         4066    .constdata          m_ws.l(rred.o)
    0x08004128   0x08004128   0x00000028   Data   RO         4070    .constdata          m_ws.l(sin_i.o)
    0x08004150   0x08004150   0x00000055   Data   RO           27    .conststring        main.o
    0x080041a5   0x080041a5   0x00000003   PAD
    0x080041a8   0x080041a8   0x00000020   Data   RO         4117    Region$$Table       anon$$obj.o


    Execution Region RW_IRAM1 (Exec base: 0x20000000, Load base: 0x080041c8, Size: 0x00002e78, Max: 0x00005000, ABSOLUTE)

    Exec Addr    Load Addr    Size         Type   Attr      Idx    E Section Name        Object

    0x20000000   0x080041c8   0x00000038   Data   RW           28    .data               main.o
    0x20000038   0x08004200   0x00000009   Data   RW          432    .data               ds3231.o
    0x20000041   0x08004209   0x00000003   PAD
    0x20000044   0x0800420c   0x00000024   Data   RW          562    .data               apds9960.o
    0x20000068   0x08004230   0x00000001   Data   RW          728    .data               dht11.o
    0x20000069   0x08004231   0x00000003   PAD
    0x2000006c   0x08004234   0x0000000c   Data   RW         1802    .data               stm32f1xx_hal.o
    0x20000078   0x08004240   0x00000004   Data   RW         2756    .data               system_stm32f1xx.o
    0x2000007c   0x08004244   0x0000003c   Data   RW         3259    .data               tasks.o
    0x200000b8   0x08004280   0x00000018   Data   RW         3884    .data               heap_4.o
    0x200000d0   0x08004298   0x0000000c   Data   RW         3947    .data               port.o
    0x200000dc   0x080042a4   0x00000004   Data   RW         4096    .data               mc_w.l(errno.o)
    0x200000e0        -       0x00000050   Zero   RW           25    .bss                main.o
    0x20000130        -       0x00000040   Zero   RW          379    .bss                stm32f1xx_hal_timebase_tim.o
    0x20000170        -       0x00000104   Zero   RW          561    .bss                apds9960.o
    0x20000274        -       0x000000f0   Zero   RW         3258    .bss                tasks.o
    0x20000364        -       0x00002710   Zero   RW         3883    .bss                heap_4.o
    0x20002a74   0x080042a8   0x00000004   PAD
    0x20002a78        -       0x00000400   Zero   RW            1    STACK               startup_stm32f103xb.o


==============================================================================

Image component sizes


      Code (inc. data)   RO Data    RW Data    ZI Data      Debug   Object Name

      2156         52          0         36        260      22165   apds9960.o
        82          0          0          0          0      12741   cmsis_os.o
       240         28          0          1          0       3219   dht11.o
       564         26          0          9          0       7390   ds3231.o
         0          0          0          0          0       9592   event_groups.o
       456         22          0         24      10000       7343   heap_4.o
       138          0          0          0          0       3486   list.o
      1210        108        205         56         80     441870   main.o
       662         70          0         12          0      11349   port.o
      1684         18          0          0          0      13693   queue.o
        36          8        236          0       1024        816   startup_stm32f103xb.o
       100         18          0         12          0       5346   stm32f1xx_hal.o
       158         14          0          0          0      28258   stm32f1xx_hal_cortex.o
       524         40          0          0          0       4194   stm32f1xx_hal_gpio.o
        72         10          0          0          0        874   stm32f1xx_hal_msp.o
      1316        104          0          0          0       5810   stm32f1xx_hal_rcc.o
       564         14          0          0          0       7072   stm32f1xx_hal_tim.o
         4          0          0          0          0       1597   stm32f1xx_hal_tim_ex.o
       116         16          0          0         64       1443   stm32f1xx_hal_timebase_tim.o
        32          6          0          0          0       3518   stm32f1xx_it.o
        72         16         24          4          0       1207   system_stm32f1xx.o
      2572        202          0         60        240      25384   tasks.o

    ----------------------------------------------------------------------
     12794        772        500        220      11672     618367   Object Totals
         0          0         32          0          0          0   (incl. Generated)
        36          0          3          6          4          0   (incl. Padding)

    ----------------------------------------------------------------------

      Code (inc. data)   RO Data    RW Data    ZI Data      Debug   Library Member Name

       252         22         48          0          0        124   cos_i.o
        34          6          0          0          0        204   dunder.o
        40          0          0          0          0         68   fpclassify.o
       170          0          0          0          0         96   poly.o
       904         76        200          0          0        140   rred.o
       160         10          0          0          0        108   sin.o
       236         12         40          0          0        128   sin_i.o
         0          0          0          0          0          0   entry.o
         0          0          0          0          0          0   entry10a.o
         0          0          0          0          0          0   entry11a.o
         8          4          0          0          0          0   entry2.o
         4          0          0          0          0          0   entry5.o
         0          0          0          0          0          0   entry7b.o
         0          0          0          0          0          0   entry8b.o
         8          4          0          0          0          0   entry9a.o
        12          6          0          4          0         68   errno.o
        30          0          0          0          0          0   handlers.o
        36          8          0          0          0         68   init.o
         0          0          0          0          0          0   iusefp.o
        30          0          0          0          0         68   llshl.o
        36          0          0          0          0         68   llsshr.o
        32          0          0          0          0         68   llushr.o
        36          0          0          0          0         68   memcpya.o
        36          0          0          0          0        108   memseta.o
       334          0          0          0          0        148   dadd.o
       222          0          0          0          0        100   ddiv.o
       186          0          0          0          0        176   depilogue.o
        62          0          0          0          0         80   dfixi.o
        50          0          0          0          0         76   dfixui.o
        34          0          0          0          0         76   dflti.o
        26          0          0          0          0         76   dfltui.o
       228          0          0          0          0         96   dmul.o
        46          0          0          0          0         80   dscalb.o

    ----------------------------------------------------------------------
      3258        148        288          4          0       2292   Library Totals
         6          0          0          0          0          0   (incl. Padding)

    ----------------------------------------------------------------------

      Code (inc. data)   RO Data    RW Data    ZI Data      Debug   Library Name

      1796        126        288          0          0        868   m_ws.l
       268         22          0          4          0        516   mc_w.l
      1188          0          0          0          0        908   mf_w.l

    ----------------------------------------------------------------------
      3258        148        288          4          0       2292   Library Totals

    ----------------------------------------------------------------------

==============================================================================


      Code (inc. data)   RO Data    RW Data    ZI Data      Debug   

     16052        920        788        224      11672     611867   Grand Totals
     16052        920        788        224      11672     611867   ELF Image Totals
     16052        920        788        224          0          0   ROM Totals

==============================================================================

    Total RO  Size (Code + RO Data)                16840 (  16.45kB)
    Total RW  Size (RW Data + ZI Data)             11896 (  11.62kB)
    Total ROM Size (Code + RO Data + RW Data)      17064 (  16.66kB)

==============================================================================

