<html>
<body>
<pre>
<h1>µVision Build Log</h1>
<h2>Tool Versions:</h2>
IDE-Version: ¦ÌVision V5.25.2.0
Copyright (C) 2018 ARM Ltd and ARM Germany GmbH. All rights reserved.
License Information: L ZC, 1, LIC=JL28T-RF8UI-GKSBG-VM7JP-2JWCY-2A6V7
 
Tool Versions:
Toolchain:       MDK-ARM Plus  Version: 5.25.2.0
Toolchain Path:  D:\Keil_v5\ARM\ARMCC\Bin
C Compiler:      Armcc.exe V5.06 update 6 (build 750)
Assembler:       Armasm.exe V5.06 update 6 (build 750)
Linker/Locator:  ArmLink.exe V5.06 update 6 (build 750)
Library Manager: ArmAr.exe V5.06 update 6 (build 750)
Hex Converter:   FromElf.exe V5.06 update 6 (build 750)
CPU DLL:         SARMCM3.DLL V5.25.2.0
Dialog DLL:      DCM.DLL V1.17.1.0
Target DLL:      STLink\ST-LINKIII-KEIL_SWO.dll V3.0.1.0
Dialog DLL:      TCM.DLL V1.35.1.0
 
<h2>Project:</h2>
C:\Users\Â½ÖÇ³¬\Desktop\Project\Project1-Weather_station_Project\MDK-ARM\PWM_LED.uvprojx
Project File Date:  04/22/2020

<h2>Output:</h2>
*** Using Compiler 'V5.06 update 6 (build 750)', folder: 'D:\Keil_v5\ARM\ARMCC\Bin'
Rebuild target 'PWM_LED'
assembling startup_stm32f103xb.s...
compiling stm32f1xx_hal_timebase_tim.c...
compiling stm32f1xx_hal_gpio_ex.c...
compiling DHT11.c...
compiling stm32f1xx_hal_tim.c...
compiling DS3231.c...
compiling stm32f1xx_it.c...
compiling stm32f1xx_hal_tim_ex.c...
compiling freertos.c...
compiling stm32f1xx_hal_msp.c...
compiling APDS9960.c...
compiling main.c...
../Src/main.c(314): warning:  #177-D: variable "xReturn"  was declared but never referenced
  	BaseType_t xReturn = pdPASS ;
../Src/main.c(368): warning:  #550-D: variable "xReturn"  was set but never used
  	BaseType_t xReturn = pdTRUE;
../Src/main.c(540): warning:  #177-D: variable "DHT11_Temp"  was declared but never referenced
    uint8_t * DHT11_Temp;
../Src/main.c(541): warning:  #177-D: variable "DHT11_Humi"  was declared but never referenced
    uint8_t * DHT11_Humi ;
../Src/main.c: 4 warnings, 0 errors
compiling stm32f1xx_hal_cortex.c...
compiling croutine.c...
compiling stm32f1xx_hal_flash_ex.c...
compiling event_groups.c...
compiling list.c...
compiling stm32f1xx_hal_exti.c...
compiling stm32f1xx_hal_pwr.c...
compiling stm32f1xx_hal_gpio.c...
compiling system_stm32f1xx.c...
compiling stream_buffer.c...
compiling stm32f1xx_hal_flash.c...
compiling queue.c...
compiling timers.c...
compiling stm32f1xx_hal.c...
compiling heap_4.c...
compiling tasks.c...
compiling port.c...
compiling stm32f1xx_hal_rcc_ex.c...
compiling cmsis_os.c...
compiling stm32f1xx_hal_dma.c...
compiling stm32f1xx_hal_rcc.c...
linking...
Program Size: Code=16052 RO-data=788 RW-data=224 ZI-data=11672  
FromELF: creating hex file...
"PWM_LED\PWM_LED.axf" - 0 Error(s), 4 Warning(s).

<h2>Software Packages used:</h2>

Package Vendor: ARM
                http://www.keil.com/pack/ARM.CMSIS.5.3.0.pack
                ARM.CMSIS.5.3.0
                CMSIS (Cortex Microcontroller Software Interface Standard)
   * Component: CORE Version: 5.1.1

Package Vendor: Keil
                http://www.keil.com/pack/Keil.STM32F1xx_DFP.2.2.0.pack
                Keil.STM32F1xx_DFP.2.2.0
                STMicroelectronics STM32F1 Series Device Support, Drivers and Examples

<h2>Collection of Component include folders:</h2>
  .\RTE\_PWM_LED
  D:\Keil_v5\ARM\PACK\ARM\CMSIS\5.3.0\CMSIS\Include
  D:\Keil_v5\ARM\PACK\Keil\STM32F1xx_DFP\2.2.0\Device\Include

<h2>Collection of Component Files used:</h2>

   * Component: ARM::CMSIS:CORE:5.1.1
Build Time Elapsed:  00:00:13
</pre>
</body>
</html>
